<html>
<body>
<pre>
<h1>µVision Build Log</h1>
<h2>Project:</h2>
H:\2014.2.26rs485\new upload image bmp\USER\test.uvproj
Project File Date:  03/26/2014

<h2>Output:</h2>
Rebuild target 'Target 1'
assembling startup_stm32f10x_hd.s...
compiling test.c...
test.c(71): warning:  #223-D: function "memcpy" declared implicitly
test.c(82): warning:  #223-D: function "memcpy" declared implicitly
test.c(97): warning:  #177-D: variable "j" was declared but never referenced
test.c(98): warning:  #177-D: variable "temp" was declared but never referenced
test.c(99): warning:  #177-D: variable "ptrData" was declared but never referenced
test.c(144): warning:  #177-D: variable "i" was declared but never referenced
test.c(144): warning:  #177-D: variable "j" was declared but never referenced
test.c(146): warning:  #177-D: variable "temp" was declared but never referenced
compiling delay.c...
compiling sys.c...
compiling usart.c...
..\SYSTEM\usart\usart.c(251): warning:  #69-D: integer conversion resulted in truncation
..\SYSTEM\usart\usart.c(415): warning:  #1-D: last line of file ends without a newline
compiling led.c...
compiling beep.c...
compiling key.c...
compiling exti.c...
compiling wdg.c...
compiling timer.c...
compiling tpad.c...
compiling oled.c...
compiling ILI93xx.c...
compiling wkup.c...
compiling adc.c...
compiling dac.c...
compiling dma.c...
compiling myiic.c...
compiling 24cxx.c...
compiling rtc.c...
compiling spi.c...
compiling flash.c...
compiling rs485.c...
compiling can.c...
compiling touch.c...
compiling remote.c...
compiling joypad.c...
compiling adxl345.c...
compiling ds18b20.c...
compiling dht11.c...
compiling 24l01.c...
compiling ps2.c...
compiling mouse.c...
compiling stmflash.c...
compiling rda5820.c...
compiling audiosel.c...
compiling ov7670.c...
compiling sccb.c...
compiling sram.c...
compiling usmart.c...
..\USMART\usmart.c(73): warning:  #177-D: variable "pnum" was declared but never referenced
..\USMART\usmart.c(74): warning:  #177-D: variable "rval" was declared but never referenced
..\USMART\usmart.c(248): warning:  #550-D: variable "res" was set but never used
compiling usmart_config.c...
compiling usmart_str.c...
compiling malloc.c...
linking...
..\OBJ\test.axf: Error: L6200E: Symbol USART2_IRQHandler multiply defined (by rs485.o and usart.o).
..\OBJ\test.axf: Error: L6200E: Symbol ComOutBuf multiply defined (by malloc.o and usart.o).
Target not created
Rebuild target 'Target 1'
assembling startup_stm32f10x_hd.s...
compiling test.c...
test.c(71): warning:  #223-D: function "memcpy" declared implicitly
test.c(82): warning:  #223-D: function "memcpy" declared implicitly
test.c(97): warning:  #177-D: variable "j" was declared but never referenced
test.c(98): warning:  #177-D: variable "temp" was declared but never referenced
test.c(99): warning:  #177-D: variable "ptrData" was declared but never referenced
test.c(144): warning:  #177-D: variable "i" was declared but never referenced
test.c(144): warning:  #177-D: variable "j" was declared but never referenced
test.c(146): warning:  #177-D: variable "temp" was declared but never referenced
compiling delay.c...
compiling sys.c...
compiling usart.c...
..\SYSTEM\usart\usart.c(251): warning:  #69-D: integer conversion resulted in truncation
..\SYSTEM\usart\usart.c(415): warning:  #1-D: last line of file ends without a newline
compiling led.c...
compiling beep.c...
compiling key.c...
compiling exti.c...
compiling wdg.c...
compiling timer.c...
compiling tpad.c...
compiling oled.c...
compiling ILI93xx.c...
compiling wkup.c...
compiling adc.c...
compiling dac.c...
compiling dma.c...
compiling myiic.c...
compiling 24cxx.c...
compiling rtc.c...
compiling spi.c...
compiling flash.c...
compiling rs485.c...
compiling can.c...
compiling touch.c...
compiling remote.c...
compiling joypad.c...
compiling adxl345.c...
compiling ds18b20.c...
compiling dht11.c...
compiling 24l01.c...
compiling ps2.c...
compiling mouse.c...
compiling stmflash.c...
compiling rda5820.c...
compiling audiosel.c...
compiling ov7670.c...
compiling sccb.c...
compiling sram.c...
compiling usmart.c...
..\USMART\usmart.c(73): warning:  #177-D: variable "pnum" was declared but never referenced
..\USMART\usmart.c(74): warning:  #177-D: variable "rval" was declared but never referenced
..\USMART\usmart.c(248): warning:  #550-D: variable "res" was set but never used
compiling usmart_config.c...
compiling usmart_str.c...
compiling malloc.c...
linking...
..\OBJ\test.axf: Error: L6200E: Symbol ComOutBuf multiply defined (by malloc.o and usart.o).
Target not created
Rebuild target 'Target 1'
assembling startup_stm32f10x_hd.s...
compiling test.c...
test.c(71): warning:  #223-D: function "memcpy" declared implicitly
test.c(82): warning:  #223-D: function "memcpy" declared implicitly
test.c(97): warning:  #177-D: variable "j" was declared but never referenced
test.c(98): warning:  #177-D: variable "temp" was declared but never referenced
test.c(99): warning:  #177-D: variable "ptrData" was declared but never referenced
test.c(144): warning:  #177-D: variable "i" was declared but never referenced
test.c(144): warning:  #177-D: variable "j" was declared but never referenced
test.c(146): warning:  #177-D: variable "temp" was declared but never referenced
compiling delay.c...
compiling sys.c...
compiling usart.c...
..\SYSTEM\usart\usart.c(251): warning:  #69-D: integer conversion resulted in truncation
..\SYSTEM\usart\usart.c(415): warning:  #1-D: last line of file ends without a newline
compiling led.c...
compiling beep.c...
compiling key.c...
compiling exti.c...
compiling wdg.c...
compiling timer.c...
compiling tpad.c...
compiling oled.c...
compiling ILI93xx.c...
compiling wkup.c...
compiling adc.c...
compiling dac.c...
compiling dma.c...
compiling myiic.c...
compiling 24cxx.c...
compiling rtc.c...
compiling spi.c...
compiling flash.c...
compiling rs485.c...
compiling can.c...
compiling touch.c...
compiling remote.c...
compiling joypad.c...
compiling adxl345.c...
compiling ds18b20.c...
compiling dht11.c...
compiling 24l01.c...
compiling ps2.c...
compiling mouse.c...
compiling stmflash.c...
compiling rda5820.c...
compiling audiosel.c...
compiling ov7670.c...
compiling sccb.c...
compiling sram.c...
compiling usmart.c...
..\USMART\usmart.c(73): warning:  #177-D: variable "pnum" was declared but never referenced
..\USMART\usmart.c(74): warning:  #177-D: variable "rval" was declared but never referenced
..\USMART\usmart.c(248): warning:  #550-D: variable "res" was set but never used
compiling usmart_config.c...
compiling usmart_str.c...
compiling malloc.c...
linking...
Program Size: Code=17850 RO-data=1782 RW-data=528 ZI-data=504256  
FromELF: creating hex file...
"..\OBJ\test.axf" - 0 Error(s), 13 Warning(s).
Load "..\\OBJ\\test.AXF" 
* JLink Info: Device "STM32F103ZE" selected (512 KB flash, 64 KB RAM).
Set JLink Project File to "H:\2014.2.26rs485\new upload image bmp\USER\JLinkSettings.ini"
 
JLink info:
------------
DLL: V4.40c, compiled Jan 24 2012 09:30:33
Firmware: J-Link ARM V7 compiled Feb 15 2011 11:03:33
Hardware: V7.00
S/N : 40005012 
Feature(s) : RDI,FlashDL,FlashBP,JFlash,GDBFull 
 
* JLink Info: Found SWD-DP with ID 0x1BA01477
* JLink Info: TPIU fitted.
* JLink Info: ETM fitted.
* JLink Info:   FPUnit: 6 code (BP) slots and 2 literal slots
* JLink Info: Found Cortex-M3 r1p1, Little endian.
ROMTableAddr = 0xE00FF003
* JLink Info: Found SWD-DP with ID 0x1BA01477
* JLink Info: TPIU fitted.
* JLink Info: ETM fitted.
* JLink Info:   FPUnit: 6 code (BP) slots and 2 literal slots
* JLink Info: Found Cortex-M3 r1p1, Little endian.
 
Target info:
------------
Device: STM32F103ZE
VTarget = 3.248V
State of Pins: 
TCK: 0, TDI: 0, TDO: 1, TMS: 0, TRES: 0, TRST: 0
Hardware-Breakpoints: 6
Software-Breakpoints: 8192
Watchpoints:          4
JTAG speed: 4800 kHz
 
Erase Done.
Programming Done.
Verify OK.
* JLink Info: Found SWD-DP with ID 0x1BA01477
* JLink Info: TPIU fitted.
* JLink Info: ETM fitted.
* JLink Info:   FPUnit: 6 code (BP) slots and 2 literal slots
* JLink Info: Found Cortex-M3 r1p1, Little endian.
Application running ...
Rebuild target 'Target 1'
assembling startup_stm32f10x_hd.s...
compiling test.c...
test.c(71): warning:  #223-D: function "memcpy" declared implicitly
test.c(82): warning:  #223-D: function "memcpy" declared implicitly
test.c(97): warning:  #177-D: variable "j" was declared but never referenced
test.c(98): warning:  #177-D: variable "temp" was declared but never referenced
test.c(99): warning:  #177-D: variable "ptrData" was declared but never referenced
test.c(144): warning:  #177-D: variable "i" was declared but never referenced
test.c(144): warning:  #177-D: variable "j" was declared but never referenced
test.c(146): warning:  #177-D: variable "temp" was declared but never referenced
compiling delay.c...
compiling sys.c...
compiling usart.c...
..\SYSTEM\usart\usart.c(251): warning:  #69-D: integer conversion resulted in truncation
..\SYSTEM\usart\usart.c(351): warning:  #111-D: statement is unreachable
..\SYSTEM\usart\usart.c(419): warning:  #1-D: last line of file ends without a newline
compiling led.c...
compiling beep.c...
compiling key.c...
compiling exti.c...
compiling wdg.c...
compiling timer.c...
compiling tpad.c...
compiling oled.c...
compiling ILI93xx.c...
compiling wkup.c...
compiling adc.c...
compiling dac.c...
compiling dma.c...
compiling myiic.c...
compiling 24cxx.c...
compiling rtc.c...
compiling spi.c...
compiling flash.c...
compiling rs485.c...
compiling can.c...
compiling touch.c...
compiling remote.c...
compiling joypad.c...
compiling adxl345.c...
compiling ds18b20.c...
compiling dht11.c...
compiling 24l01.c...
compiling ps2.c...
compiling mouse.c...
compiling stmflash.c...
compiling rda5820.c...
compiling audiosel.c...
compiling ov7670.c...
compiling sccb.c...
compiling sram.c...
compiling usmart.c...
..\USMART\usmart.c(73): warning:  #177-D: variable "pnum" was declared but never referenced
..\USMART\usmart.c(74): warning:  #177-D: variable "rval" was declared but never referenced
..\USMART\usmart.c(248): warning:  #550-D: variable "res" was set but never used
compiling usmart_config.c...
compiling usmart_str.c...
compiling malloc.c...
linking...
Program Size: Code=17850 RO-data=1782 RW-data=528 ZI-data=504256  
FromELF: creating hex file...
"..\OBJ\test.axf" - 0 Error(s), 14 Warning(s).
Load "..\\OBJ\\test.AXF" 
* JLink Info: Device "STM32F103ZE" selected (512 KB flash, 64 KB RAM).
Set JLink Project File to "H:\2014.2.26rs485\new upload image bmp\USER\JLinkSettings.ini"
 
JLink info:
------------
DLL: V4.40c, compiled Jan 24 2012 09:30:33
Firmware: J-Link ARM V7 compiled Feb 15 2011 11:03:33
Hardware: V7.00
S/N : 40005012 
Feature(s) : RDI,FlashDL,FlashBP,JFlash,GDBFull 
 
* JLink Info: Found SWD-DP with ID 0x1BA01477
* JLink Info: TPIU fitted.
* JLink Info: ETM fitted.
* JLink Info:   FPUnit: 6 code (BP) slots and 2 literal slots
* JLink Info: Found Cortex-M3 r1p1, Little endian.
ROMTableAddr = 0xE00FF003
* JLink Info: Found SWD-DP with ID 0x1BA01477
* JLink Info: TPIU fitted.
* JLink Info: ETM fitted.
* JLink Info:   FPUnit: 6 code (BP) slots and 2 literal slots
* JLink Info: Found Cortex-M3 r1p1, Little endian.
 
Target info:
------------
Device: STM32F103ZE
VTarget = 3.248V
State of Pins: 
TCK: 0, TDI: 0, TDO: 1, TMS: 0, TRES: 0, TRST: 0
Hardware-Breakpoints: 6
Software-Breakpoints: 8192
Watchpoints:          4
JTAG speed: 4800 kHz
 
Erase Done.
Programming Done.
Verify OK.
* JLink Info: Found SWD-DP with ID 0x1BA01477
* JLink Info: TPIU fitted.
* JLink Info: ETM fitted.
* JLink Info:   FPUnit: 6 code (BP) slots and 2 literal slots
* JLink Info: Found Cortex-M3 r1p1, Little endian.
Application running ...
Rebuild target 'Target 1'
assembling startup_stm32f10x_hd.s...
compiling test.c...
test.c(71): warning:  #223-D: function "memcpy" declared implicitly
test.c(82): warning:  #223-D: function "memcpy" declared implicitly
test.c(97): warning:  #177-D: variable "j" was declared but never referenced
test.c(98): warning:  #177-D: variable "temp" was declared but never referenced
test.c(99): warning:  #177-D: variable "ptrData" was declared but never referenced
test.c(144): warning:  #177-D: variable "i" was declared but never referenced
test.c(144): warning:  #177-D: variable "j" was declared but never referenced
test.c(146): warning:  #177-D: variable "temp" was declared but never referenced
compiling delay.c...
compiling sys.c...
compiling usart.c...
..\SYSTEM\usart\usart.c(251): warning:  #69-D: integer conversion resulted in truncation
..\SYSTEM\usart\usart.c(351): warning:  #111-D: statement is unreachable
..\SYSTEM\usart\usart.c(419): warning:  #1-D: last line of file ends without a newline
compiling led.c...
compiling beep.c...
compiling key.c...
compiling exti.c...
compiling wdg.c...
compiling timer.c...
compiling tpad.c...
compiling oled.c...
compiling ILI93xx.c...
compiling wkup.c...
compiling adc.c...
compiling dac.c...
compiling dma.c...
compiling myiic.c...
compiling 24cxx.c...
compiling rtc.c...
compiling spi.c...
compiling flash.c...
compiling rs485.c...
compiling can.c...
compiling touch.c...
compiling remote.c...
compiling joypad.c...
compiling adxl345.c...
compiling ds18b20.c...
compiling dht11.c...
compiling 24l01.c...
compiling ps2.c...
compiling mouse.c...
compiling stmflash.c...
compiling rda5820.c...
compiling audiosel.c...
compiling ov7670.c...
compiling sccb.c...
compiling sram.c...
compiling usmart.c...
..\USMART\usmart.c(73): warning:  #177-D: variable "pnum" was declared but never referenced
..\USMART\usmart.c(74): warning:  #177-D: variable "rval" was declared but never referenced
..\USMART\usmart.c(248): warning:  #550-D: variable "res" was set but never used
compiling usmart_config.c...
compiling usmart_str.c...
compiling malloc.c...
linking...
Program Size: Code=17854 RO-data=1782 RW-data=528 ZI-data=504256  
FromELF: creating hex file...
"..\OBJ\test.axf" - 0 Error(s), 14 Warning(s).
Load "..\\OBJ\\test.AXF" 
* JLink Info: Device "STM32F103ZE" selected (512 KB flash, 64 KB RAM).
Set JLink Project File to "H:\2014.2.26rs485\new upload image bmp\USER\JLinkSettings.ini"
 
JLink info:
------------
DLL: V4.40c, compiled Jan 24 2012 09:30:33
Firmware: J-Link ARM V7 compiled Feb 15 2011 11:03:33
Hardware: V7.00
S/N : 40005012 
Feature(s) : RDI,FlashDL,FlashBP,JFlash,GDBFull 
 
* JLink Info: Found SWD-DP with ID 0x1BA01477
* JLink Info: TPIU fitted.
* JLink Info: ETM fitted.
* JLink Info:   FPUnit: 6 code (BP) slots and 2 literal slots
* JLink Info: Found Cortex-M3 r1p1, Little endian.
ROMTableAddr = 0xE00FF003
* JLink Info: Found SWD-DP with ID 0x1BA01477
* JLink Info: TPIU fitted.
* JLink Info: ETM fitted.
* JLink Info:   FPUnit: 6 code (BP) slots and 2 literal slots
* JLink Info: Found Cortex-M3 r1p1, Little endian.
 
Target info:
------------
Device: STM32F103ZE
VTarget = 3.248V
State of Pins: 
TCK: 0, TDI: 0, TDO: 1, TMS: 0, TRES: 0, TRST: 0
Hardware-Breakpoints: 6
Software-Breakpoints: 8192
Watchpoints:          4
JTAG speed: 4800 kHz
 
Erase Done.
Programming Done.
Verify OK.
* JLink Info: Found SWD-DP with ID 0x1BA01477
* JLink Info: TPIU fitted.
* JLink Info: ETM fitted.
* JLink Info:   FPUnit: 6 code (BP) slots and 2 literal slots
* JLink Info: Found Cortex-M3 r1p1, Little endian.
Application running ...
