ARM Linker, 4.1 [Build 894] [Standard]

==============================================================================

Section Cross References

    startup_stm32f10x_hd.o(STACK) refers (Special) to heapauxi.o(.text) for __use_two_region_memory
    startup_stm32f10x_hd.o(HEAP) refers (Special) to heapauxi.o(.text) for __use_two_region_memory
    startup_stm32f10x_hd.o(RESET) refers (Special) to heapauxi.o(.text) for __use_two_region_memory
    startup_stm32f10x_hd.o(RESET) refers to startup_stm32f10x_hd.o(STACK) for __initial_sp
    startup_stm32f10x_hd.o(RESET) refers to startup_stm32f10x_hd.o(.text) for Reset_Handler
    startup_stm32f10x_hd.o(RESET) refers to wdg.o(.text) for WWDG_IRQHandler
    startup_stm32f10x_hd.o(RESET) refers to rtc.o(.text) for RTC_IRQHandler
    startup_stm32f10x_hd.o(RESET) refers to wkup.o(.text) for EXTI0_IRQHandler
    startup_stm32f10x_hd.o(RESET) refers to exti.o(.text) for EXTI2_IRQHandler
    startup_stm32f10x_hd.o(RESET) refers to usmart.o(.text) for TIM2_IRQHandler
    startup_stm32f10x_hd.o(RESET) refers to timer.o(.text) for TIM3_IRQHandler
    startup_stm32f10x_hd.o(RESET) refers to remote.o(.text) for TIM4_IRQHandler
    startup_stm32f10x_hd.o(RESET) refers to usart.o(.text) for USART2_IRQHandler
    startup_stm32f10x_hd.o(RESET) refers to ps2.o(.text) for EXTI15_10_IRQHandler
    startup_stm32f10x_hd.o(.text) refers (Special) to heapauxi.o(.text) for __use_two_region_memory
    startup_stm32f10x_hd.o(.text) refers to __main.o(!!!main) for __main
    startup_stm32f10x_hd.o(.text) refers to startup_stm32f10x_hd.o(HEAP) for Heap_Mem
    startup_stm32f10x_hd.o(.text) refers to startup_stm32f10x_hd.o(STACK) for Stack_Mem
    test.o(.text) refers to rt_memcpy_v6.o(.text) for __aeabi_memcpy
    test.o(.text) refers to sys.o(.text) for Stm32_Clock_Init
    test.o(.text) refers to usart.o(.text) for uart_init
    test.o(.text) refers to delay.o(.text) for delay_init
    test.o(.text) refers to sram.o(.text) for FSMC_SRAM_Init
    test.o(.text) refers to ov7670.o(.text) for OV7670_Init
    test.o(.text) refers to timer.o(.text) for TIM3_Int_Init
    test.o(.text) refers to exti.o(.text) for EXTI8_Init
    test.o(.text) refers to malloc.o(.ARM.__AT_0x680A0000) for out_data
    test.o(.text) refers to test.o(.data) for sensor_id
    test.o(.text) refers to malloc.o(.ARM.__AT_0x68050000) for raw_data
    test.o(.text) refers to exti.o(.data) for ov_sta
    test.o(.text) refers to timer.o(.data) for ov_frame
    test.o(.text) refers to test.o(.bss) for CassMem
    test.o(.data) refers to test.o(.conststring) for .conststring
    delay.o(.text) refers to delay.o(.data) for fac_us
    sys.o(.text) refers to sys.o(.emb_text) for WFI_SET
    usart.o(.text) refers to fflt_clz.o(x$fpl$ffltu) for __aeabi_ui2f
    usart.o(.text) refers to fdiv.o(x$fpl$fdiv) for __aeabi_fdiv
    usart.o(.text) refers to ffixu.o(x$fpl$ffixu) for __aeabi_f2uiz
    usart.o(.text) refers to faddsub_clz.o(x$fpl$frsb) for __aeabi_frsub
    usart.o(.text) refers to fmul.o(x$fpl$fmul) for __aeabi_fmul
    usart.o(.text) refers to usart.o(.data) for ComOutDataPos
    usart.o(.text) refers to timer.o(.data) for ComOutDelay
    usart.o(.text) refers to usart.o(.constdata) for CRCHi
    usart.o(.text) refers to test.o(.bss) for CassMem
    usart.o(.text) refers to test.o(.data) for update_outbuf_flag
    usart.o(.text) refers to malloc.o(.ARM.__AT_0x680A0000) for out_data
    usart.o(.text) refers to sys.o(.text) for MY_NVIC_Init
    usart.o(.data) refers to usart.o(.bss) for ComInBuf
    key.o(.text) refers to delay.o(.text) for delay_ms
    key.o(.text) refers to key.o(.data) for key_up
    exti.o(.text) refers to delay.o(.text) for delay_ms
    exti.o(.text) refers to key.o(.text) for KEY_Init
    exti.o(.text) refers to sys.o(.text) for Ex_NVIC_Config
    exti.o(.text) refers to exti.o(.data) for ov_sta
    wdg.o(.text) refers to sys.o(.text) for MY_NVIC_Init
    wdg.o(.text) refers to wdg.o(.data) for WWDG_CNT
    timer.o(.text) refers to usart.o(.text) for USARTOverTimeHandle
    timer.o(.text) refers to sys.o(.text) for MY_NVIC_Init
    timer.o(.text) refers to timer.o(.data) for timer_1ms_flag
    timer.o(.text) refers to usart.o(.data) for ComDelayCount
    tpad.o(.text) refers to delay.o(.text) for delay_ms
    tpad.o(.text) refers to tpad.o(.data) for tpad_default_val
    oled.o(.text) refers to delay.o(.text) for delay_ms
    oled.o(.text) refers to oled.o(.bss) for OLED_GRAM
    oled.o(.text) refers to oled.o(.constdata) for oled_asc2_1206
    ili93xx.o(.text) refers to delay.o(.text) for delay_us
    ili93xx.o(.text) refers to ili93xx.o(.bss) for lcddev
    ili93xx.o(.text) refers to ili93xx.o(.data) for POINT_COLOR
    ili93xx.o(.text) refers to ili93xx.o(.constdata) for asc2_1206
    wkup.o(.text) refers to sys.o(.text) for Sys_Standby
    wkup.o(.text) refers to delay.o(.text) for delay_ms
    adc.o(.text) refers to delay.o(.text) for delay_ms
[...]
    retnan.o(x$fpl$retnan) refers to trapv.o(x$fpl$trapveneer) for __fpl_cmpreturn
    rtexit.o(.ARM.Collect$$rtexit$$00000000) refers (Special) to rtexit2.o(.ARM.Collect$$rtexit$$00000004) for __rt_exit_exit
    rtexit.o(.ARM.Collect$$rtexit$$00000000) refers (Special) to rtexit2.o(.ARM.Collect$$rtexit$$00000003) for __rt_exit_ls
    rtexit.o(.ARM.Collect$$rtexit$$00000000) refers (Special) to rtexit2.o(.ARM.Collect$$rtexit$$00000002) for __rt_exit_prels_1
    rtexit.o(.ARM.exidx) refers (Special) to rtexit2.o(.ARM.Collect$$rtexit$$00000004) for __rt_exit_exit
    rtexit.o(.ARM.exidx) refers (Special) to rtexit2.o(.ARM.Collect$$rtexit$$00000003) for __rt_exit_ls
    rtexit.o(.ARM.exidx) refers (Special) to rtexit2.o(.ARM.Collect$$rtexit$$00000002) for __rt_exit_prels_1
    rtexit.o(.ARM.exidx) refers to rtexit.o(.ARM.Collect$$rtexit$$00000000) for .ARM.Collect$$rtexit$$00000000
    libinit2.o(.ARM.Collect$$libinit$$0000000C) refers to libinit2.o(.ARM.Collect$$libinit$$0000000B) for .ARM.Collect$$libinit$$0000000B
    libinit2.o(.ARM.Collect$$libinit$$0000000E) refers to libinit2.o(.ARM.Collect$$libinit$$0000000B) for .ARM.Collect$$libinit$$0000000B
    libinit2.o(.ARM.Collect$$libinit$$00000010) refers to libinit2.o(.ARM.Collect$$libinit$$0000000B) for .ARM.Collect$$libinit$$0000000B
    libinit2.o(.ARM.Collect$$libinit$$00000012) refers to libinit2.o(.ARM.Collect$$libinit$$0000000B) for .ARM.Collect$$libinit$$0000000B
    libinit2.o(.ARM.Collect$$libinit$$00000014) refers to libinit2.o(.ARM.Collect$$libinit$$0000000B) for .ARM.Collect$$libinit$$0000000B
    libinit2.o(.ARM.Collect$$libinit$$00000022) refers to argv_veneer.o(.emb_text) for __ARM_argv_veneer
    libinit2.o(.ARM.Collect$$libinit$$00000023) refers to argv_veneer.o(.emb_text) for __ARM_argv_veneer
    fpinit.o(x$fpl$fpinit) refers to rt_fp_status_addr_intlibspace.o(.text) for __rt_fp_status_addr
    trapv.o(x$fpl$trapveneer) refers (Special) to usenofp.o(x$fpl$usenofp) for __I$use$fp
    rtexit2.o(.ARM.Collect$$rtexit$$00000003) refers to libshutdown.o(.ARM.Collect$$libshutdown$$00000000) for __rt_lib_shutdown
    rtexit2.o(.ARM.Collect$$rtexit$$00000004) refers to sys_exit.o(.text) for _sys_exit
    rtexit2.o(.ARM.exidx) refers to rtexit2.o(.ARM.Collect$$rtexit$$00000001) for .ARM.Collect$$rtexit$$00000001
    rtexit2.o(.ARM.exidx) refers to rtexit2.o(.ARM.Collect$$rtexit$$00000003) for .ARM.Collect$$rtexit$$00000003
    rtexit2.o(.ARM.exidx) refers to rtexit2.o(.ARM.Collect$$rtexit$$00000004) for .ARM.Collect$$rtexit$$00000004
    rt_fp_status_addr.o(.text) refers to rt_fp_status_addr.o(.bss) for __rt_fp_status_addr_data
    rt_fp_status_addr_intlibspace.o(.text) refers to libspace.o(.bss) for __libspace_start
    argv_veneer.o(.emb_text) refers to no_argv.o(.text) for __ARM_get_argv
    sys_exit.o(.text) refers (Special) to use_no_semi.o(.text) for __I$use$semihosting
    sys_exit.o(.text) refers (Special) to indicate_semi.o(.text) for __semihosting_library_function
    _get_argv_nomalloc.o(.text) refers (Special) to hrguard.o(.text) for __heap_region$guard
    _get_argv_nomalloc.o(.text) refers to defsig_rtmem_outer.o(.text) for __rt_SIGRTMEM
    _get_argv_nomalloc.o(.text) refers to sys_command.o(.text) for _sys_command_string
    libshutdown.o(.ARM.Collect$$libshutdown$$00000000) refers (Special) to libshutdown2.o(.ARM.Collect$$libshutdown$$00000006) for __rt_lib_shutdown_fp_trap_1
    libshutdown.o(.ARM.Collect$$libshutdown$$00000000) refers (Special) to libshutdown2.o(.ARM.Collect$$libshutdown$$0000000E) for __rt_lib_shutdown_heap_1
    libshutdown.o(.ARM.Collect$$libshutdown$$00000000) refers (Special) to libshutdown2.o(.ARM.Collect$$libshutdown$$0000000F) for __rt_lib_shutdown_return
    libshutdown.o(.ARM.Collect$$libshutdown$$00000000) refers (Special) to libshutdown2.o(.ARM.Collect$$libshutdown$$00000009) for __rt_lib_shutdown_signal_1
    libshutdown.o(.ARM.Collect$$libshutdown$$00000000) refers (Special) to libshutdown2.o(.ARM.Collect$$libshutdown$$00000003) for __rt_lib_shutdown_stdio_1
    libshutdown.o(.ARM.Collect$$libshutdown$$00000000) refers (Special) to libshutdown2.o(.ARM.Collect$$libshutdown$$0000000B) for __rt_lib_shutdown_user_alloc_1
    sys_command.o(.text) refers (Special) to use_no_semi.o(.text) for __I$use$semihosting
    sys_command.o(.text) refers (Special) to indicate_semi.o(.text) for __semihosting_library_function
    defsig_rtmem_outer.o(.text) refers to defsig_rtmem_inner.o(.text) for __rt_SIGRTMEM_inner
    defsig_rtmem_outer.o(.text) refers to defsig_exit.o(.text) for __sig_exit
    defsig_rtmem_formal.o(.text) refers to rt_raise.o(.text) for __rt_raise
    rt_raise.o(.text) refers to __raise.o(.text) for __raise
    rt_raise.o(.text) refers to sys_exit.o(.text) for _sys_exit
    defsig_exit.o(.text) refers to sys_exit.o(.text) for _sys_exit
    defsig_rtmem_inner.o(.text) refers to defsig_general.o(.text) for __default_signal_display
    __raise.o(.text) refers to defsig.o(CL$$defsig) for __default_signal_handler
    defsig_general.o(.text) refers to sys_wrch.o(.text) for _ttywrch
    sys_wrch.o(.text) refers (Special) to use_no_semi.o(.text) for __I$use$semihosting
    sys_wrch.o(.text) refers (Special) to indicate_semi.o(.text) for __semihosting_library_function
    defsig.o(CL$$defsig) refers to defsig_rtmem_inner.o(.text) for __rt_SIGRTMEM_inner
    defsig_abrt_inner.o(.text) refers to defsig_general.o(.text) for __default_signal_display
    defsig_fpe_inner.o(.text) refers to defsig_general.o(.text) for __default_signal_display
    defsig_rtred_inner.o(.text) refers to defsig_general.o(.text) for __default_signal_display
    defsig_stak_inner.o(.text) refers to defsig_general.o(.text) for __default_signal_display
    defsig_pvfn_inner.o(.text) refers to defsig_general.o(.text) for __default_signal_display
    defsig_cppl_inner.o(.text) refers to defsig_general.o(.text) for __default_signal_display
    defsig_segv_inner.o(.text) refers to defsig_general.o(.text) for __default_signal_display
    defsig_other.o(.text) refers to defsig_general.o(.text) for __default_signal_display


==============================================================================

Removing Unused input sections from the image.

    Removing led.o(.text), (112 bytes).
    Removing beep.o(.text), (56 bytes).
    Removing tpad.o(.text), (568 bytes).
    Removing tpad.o(.data), (3 bytes).
    Removing oled.o(.text), (1202 bytes).
    Removing oled.o(.bss), (1024 bytes).
    Removing oled.o(.constdata), (2660 bytes).
    Removing ili93xx.o(.text), (9510 bytes).
    Removing ili93xx.o(.bss), (10 bytes).
    Removing ili93xx.o(.constdata), (2660 bytes).
    Removing ili93xx.o(.data), (4 bytes).
    Removing adc.o(.text), (436 bytes).
    Removing dma.o(.text), (108 bytes).
    Removing dma.o(.data), (2 bytes).
    Removing spi.o(.text), (304 bytes).
    Removing flash.o(.text), (976 bytes).
    Removing flash.o(.bss), (4096 bytes).
    Removing flash.o(.data), (2 bytes).
    Removing rs485.o(.text), (420 bytes).
    Removing rs485.o(.bss), (64 bytes).
    Removing rs485.o(.data), (1 bytes).
    Removing can.o(.text), (1264 bytes).
    Removing touch.o(.text), (3948 bytes).
    Removing touch.o(.conststring), (121 bytes).
    Removing touch.o(.data), (48 bytes).
    Removing joypad.o(.text), (152 bytes).
    Removing adxl345.o(.text), (1200 bytes).
    Removing ds18b20.o(.text), (628 bytes).
    Removing dht11.o(.text), (412 bytes).
    Removing 24l01.o(.text), (864 bytes).
    Removing 24l01.o(.constdata), (10 bytes).
    Removing mouse.o(.text), (484 bytes).
    Removing audiosel.o(.text), (108 bytes).
    Removing malloc.o(.text), (560 bytes).
    Removing malloc.o(.bss), (43520 bytes).
    Removing malloc.o(.constdata), (24 bytes).
    Removing malloc.o(.data), (28 bytes).

37 unused section(s) (total 77589 bytes) removed from the image.

==============================================================================

Image Symbol Table

    Local Symbols

    Symbol Name                              Value     Ov Type        Size  Object(Section)

    ../../angel/boardlib.s                   0x00000000   Number         0  boardinit1.o ABSOLUTE
    ../../angel/boardlib.s                   0x00000000   Number         0  boardinit2.o ABSOLUTE
    ../../angel/boardlib.s                   0x00000000   Number         0  boardinit3.o ABSOLUTE
    ../../angel/boardlib.s                   0x00000000   Number         0  boardshut.o ABSOLUTE
    ../../angel/dczerorl2.s                  0x00000000   Number         0  __dczerorl2.o ABSOLUTE
    ../../angel/handlers.s                   0x00000000   Number         0  __scatter_zi.o ABSOLUTE
    ../../angel/kernel.s                     0x00000000   Number         0  rtentry4.o ABSOLUTE
    ../../angel/kernel.s                     0x00000000   Number         0  rtexit2.o ABSOLUTE
    ../../angel/kernel.s                     0x00000000   Number         0  rtexit.o ABSOLUTE
    ../../angel/kernel.s                     0x00000000   Number         0  rtentry.o ABSOLUTE
    ../../angel/kernel.s                     0x00000000   Number         0  rtentry2.o ABSOLUTE
    ../../angel/rt.s                         0x00000000   Number         0  rt_fp_status_addr_intlibspace.o ABSOLUTE
    ../../angel/rt.s                         0x00000000   Number         0  rt_fp_status_addr.o ABSOLUTE
    ../../angel/rt.s                         0x00000000   Number         0  rt_errno_addr.o ABSOLUTE
    ../../angel/rt.s                         0x00000000   Number         0  rt_errno_addr_intlibspace.o ABSOLUTE
    ../../angel/rt.s                         0x00000000   Number         0  rt_raise.o ABSOLUTE
    ../../angel/scatter.s                    0x00000000   Number         0  __scatter.o ABSOLUTE
    ../../angel/startup.s                    0x00000000   Number         0  __main.o ABSOLUTE
    ../../angel/sys.s                        0x00000000   Number         0  use_no_semi.o ABSOLUTE
    ../../angel/sys.s                        0x00000000   Number         0  libspace.o ABSOLUTE
    ../../angel/sys.s                        0x00000000   Number         0  indicate_semi.o ABSOLUTE
    ../../angel/sys.s                        0x00000000   Number         0  sys_stackheap_outer.o ABSOLUTE
    ../../angel/sysapp.c                     0x00000000   Number         0  sys_command.o ABSOLUTE
    ../../angel/sysapp.c                     0x00000000   Number         0  sys_wrch.o ABSOLUTE
    ../../angel/sysapp.c                     0x00000000   Number         0  sys_exit.o ABSOLUTE
    ../../armsys.c                           0x00000000   Number         0  no_argv.o ABSOLUTE
    ../../armsys.c                           0x00000000   Number         0  argv_veneer.o ABSOLUTE
    ../../armsys.c                           0x00000000   Number         0  _get_argv_nomalloc.o ABSOLUTE
    ../../armsys.c                           0x00000000   Number         0  argv_veneer.o ABSOLUTE
    ../../atan.c                             0x00000000   Number         0  atan.o ABSOLUTE
    ../../atan.c                             0x00000000   Number         0  atan_x.o ABSOLUTE
    ../../d2f.s                              0x00000000   Number         0  d2f.o ABSOLUTE
    ../../daddsub.s                          0x00000000   Number         0  daddsub_clz.o ABSOLUTE
    ../../dcheck1.s                          0x00000000   Number         0  dcheck1.o ABSOLUTE
    ../../dcmpi.s                            0x00000000   Number         0  dcmpi.o ABSOLUTE
    ../../ddiv.s                             0x00000000   Number         0  ddiv.o ABSOLUTE
    ../../dfix.s                             0x00000000   Number         0  dfix.o ABSOLUTE
    ../../dfixu.s                            0x00000000   Number         0  dfixu.o ABSOLUTE
    ../../dflt.s                             0x00000000   Number         0  dflt_clz.o ABSOLUTE
    ../../dleqf.s                            0x00000000   Number         0  dleqf.o ABSOLUTE
    ../../dmul.s                             0x00000000   Number         0  dmul.o ABSOLUTE
    ../../dnaninf.s                          0x00000000   Number         0  dnaninf.o ABSOLUTE
    ../../dretinf.s                          0x00000000   Number         0  dretinf.o ABSOLUTE
    ../../drleqf.s                           0x00000000   Number         0  drleqf.o ABSOLUTE
    ../../dsqrt.s                            0x00000000   Number         0  dsqrt_noumaal.o ABSOLUTE
    ../../dunder.c                           0x00000000   Number         0  dunder.o ABSOLUTE
    ../../f2d.s                              0x00000000   Number         0  f2d.o ABSOLUTE
    ../../faddsub.s                          0x00000000   Number         0  faddsub_clz.o ABSOLUTE
    ../../fdiv.s                             0x00000000   Number         0  fdiv.o ABSOLUTE
    ../../fenv.c                             0x00000000   Number         0  _rserrno.o ABSOLUTE
    ../../ffix.s                             0x00000000   Number         0  ffix.o ABSOLUTE
    ../../ffixu.s                            0x00000000   Number         0  ffixu.o ABSOLUTE
    ../../fflt.s                             0x00000000   Number         0  fflt_clz.o ABSOLUTE
    ../../fmul.s                             0x00000000   Number         0  fmul.o ABSOLUTE
    ../../fnaninf.s                          0x00000000   Number         0  fnaninf.o ABSOLUTE
    ../../fpclassify.c                       0x00000000   Number         0  fpclassify.o ABSOLUTE
    ../../fpinit.s                           0x00000000   Number         0  fpinit.o ABSOLUTE
    ../../fretinf.s                          0x00000000   Number         0  fretinf.o ABSOLUTE
    ../../heapalloc.c                        0x00000000   Number         0  hrguard.o ABSOLUTE
    ../../heapaux.c                          0x00000000   Number         0  heapauxi.o ABSOLUTE
    ../../libinit.s                          0x00000000   Number         0  libinit.o ABSOLUTE
    ../../libinit.s                          0x00000000   Number         0  libshutdown2.o ABSOLUTE
    ../../libinit.s                          0x00000000   Number         0  libinit2.o ABSOLUTE
    ../../libinit.s                          0x00000000   Number         0  libshutdown.o ABSOLUTE
    ../../memcpset.s                         0x00000000   Number         0  rt_memcpy_v6.o ABSOLUTE
    ../../memcpset.s                         0x00000000   Number         0  rt_memcpy_w.o ABSOLUTE
    ../../poly.c                             0x00000000   Number         0  poly.o ABSOLUTE
    ../../retnan.s                           0x00000000   Number         0  retnan.o ABSOLUTE
    ../../scalbn.s                           0x00000000   Number         0  scalbn.o ABSOLUTE
    ../../signal.c                           0x00000000   Number         0  defsig_other.o ABSOLUTE
    ../../signal.c                           0x00000000   Number         0  defsig_segv_inner.o ABSOLUTE
    ../../signal.c                           0x00000000   Number         0  defsig_cppl_inner.o ABSOLUTE
    ../../signal.c                           0x00000000   Number         0  defsig_pvfn_inner.o ABSOLUTE
    ../../signal.c                           0x00000000   Number         0  defsig_rtmem_outer.o ABSOLUTE
    ../../signal.c                           0x00000000   Number         0  defsig_exit.o ABSOLUTE
    ../../signal.c                           0x00000000   Number         0  defsig_rtmem_inner.o ABSOLUTE
    ../../signal.c                           0x00000000   Number         0  __raise.o ABSOLUTE
    ../../signal.c                           0x00000000   Number         0  defsig_general.o ABSOLUTE
    ../../signal.c                           0x00000000   Number         0  defsig_abrt_inner.o ABSOLUTE
    ../../signal.c                           0x00000000   Number         0  defsig_fpe_inner.o ABSOLUTE
    ../../signal.c                           0x00000000   Number         0  defsig_rtred_inner.o ABSOLUTE
    ../../signal.c                           0x00000000   Number         0  defsig_stak_inner.o ABSOLUTE
    ../../signal.c                           0x00000000   Number         0  defsig_rtmem_formal.o ABSOLUTE
    ../../signal.s                           0x00000000   Number         0  defsig.o ABSOLUTE
    ../../sqrt.c                             0x00000000   Number         0  sqrt.o ABSOLUTE
    ../../sqrt.c                             0x00000000   Number         0  sqrt_x.o ABSOLUTE
    ../../stdlib.c                           0x00000000   Number         0  exit.o ABSOLUTE
    ../../trapv.s                            0x00000000   Number         0  trapv.o ABSOLUTE
    ../../usenofp.s                          0x00000000   Number         0  usenofp.o ABSOLUTE
    ..\HARDWARE\24CXX\24cxx.c                0x00000000   Number         0  24cxx.o ABSOLUTE
    ..\HARDWARE\24CXX\myiic.c                0x00000000   Number         0  myiic.o ABSOLUTE
    ..\HARDWARE\ADC\adc.c                    0x00000000   Number         0  adc.o ABSOLUTE
    ..\HARDWARE\ADXL345\adxl345.c            0x00000000   Number         0  adxl345.o ABSOLUTE
    ..\HARDWARE\AUDIOSEL\audiosel.c          0x00000000   Number         0  audiosel.o ABSOLUTE
    ..\HARDWARE\BEEP\beep.c                  0x00000000   Number         0  beep.o ABSOLUTE
    ..\HARDWARE\CAN\can.c                    0x00000000   Number         0  can.o ABSOLUTE
    ..\HARDWARE\DAC\dac.c                    0x00000000   Number         0  dac.o ABSOLUTE
    ..\HARDWARE\DHT11\dht11.c                0x00000000   Number         0  dht11.o ABSOLUTE
    ..\HARDWARE\DMA\dma.c                    0x00000000   Number         0  dma.o ABSOLUTE
    ..\HARDWARE\DS18B20\ds18b20.c            0x00000000   Number         0  ds18b20.o ABSOLUTE
    ..\HARDWARE\EXTI\exti.c                  0x00000000   Number         0  exti.o ABSOLUTE
    ..\HARDWARE\FLASH\flash.c                0x00000000   Number         0  flash.o ABSOLUTE
    ..\HARDWARE\JOYPAD\joypad.c              0x00000000   Number         0  joypad.o ABSOLUTE
    ..\HARDWARE\KEY\key.c                    0x00000000   Number         0  key.o ABSOLUTE
    ..\HARDWARE\LCD\ILI93xx.c                0x00000000   Number         0  ili93xx.o ABSOLUTE
    ..\HARDWARE\LED\led.c                    0x00000000   Number         0  led.o ABSOLUTE
    ..\HARDWARE\NRF24L01\24l01.c             0x00000000   Number         0  24l01.o ABSOLUTE
    ..\HARDWARE\OLED\oled.c                  0x00000000   Number         0  oled.o ABSOLUTE
    ..\HARDWARE\OV7670\ov7670.c              0x00000000   Number         0  ov7670.o ABSOLUTE
    ..\HARDWARE\OV7670\sccb.c                0x00000000   Number         0  sccb.o ABSOLUTE
    ..\HARDWARE\PS2\mouse.c                  0x00000000   Number         0  mouse.o ABSOLUTE
    ..\HARDWARE\PS2\ps2.c                    0x00000000   Number         0  ps2.o ABSOLUTE
    ..\HARDWARE\RDA5820\rda5820.c            0x00000000   Number         0  rda5820.o ABSOLUTE
    ..\HARDWARE\REMOTE\remote.c              0x00000000   Number         0  remote.o ABSOLUTE
    ..\HARDWARE\RS485\rs485.c                0x00000000   Number         0  rs485.o ABSOLUTE
    ..\HARDWARE\RTC\rtc.c                    0x00000000   Number         0  rtc.o ABSOLUTE
    ..\HARDWARE\SPI\spi.c                    0x00000000   Number         0  spi.o ABSOLUTE
    ..\HARDWARE\SRAM\sram.c                  0x00000000   Number         0  sram.o ABSOLUTE
    ..\HARDWARE\STMFLASH\stmflash.c          0x00000000   Number         0  stmflash.o ABSOLUTE
    ..\HARDWARE\TIMER\timer.c                0x00000000   Number         0  timer.o ABSOLUTE
    ..\HARDWARE\TOUCH\touch.c                0x00000000   Number         0  touch.o ABSOLUTE
    ..\HARDWARE\TPAD\tpad.c                  0x00000000   Number         0  tpad.o ABSOLUTE
    ..\HARDWARE\WDG\wdg.c                    0x00000000   Number         0  wdg.o ABSOLUTE
    ..\HARDWARE\WKUP\wkup.c                  0x00000000   Number         0  wkup.o ABSOLUTE
    ..\MALLOC\malloc.c                       0x00000000   Number         0  malloc.o ABSOLUTE
    ..\SYSTEM\delay\delay.c                  0x00000000   Number         0  delay.o ABSOLUTE
    ..\SYSTEM\sys\sys.c                      0x00000000   Number         0  sys.o ABSOLUTE
    ..\SYSTEM\usart\usart.c                  0x00000000   Number         0  usart.o ABSOLUTE
    ..\USMART\usmart.c                       0x00000000   Number         0  usmart.o ABSOLUTE
    ..\USMART\usmart_config.c                0x00000000   Number         0  usmart_config.o ABSOLUTE
    ..\USMART\usmart_str.c                   0x00000000   Number         0  usmart_str.o ABSOLUTE
    ..\\SYSTEM\\sys\\sys.c                   0x00000000   Number         0  sys.o ABSOLUTE
    dc.s                                     0x00000000   Number         0  dc.o ABSOLUTE
    startup_stm32f10x_hd.s                   0x00000000   Number         0  startup_stm32f10x_hd.o ABSOLUTE
    test.c                                   0x00000000   Number         0  test.o ABSOLUTE
    RESET                                    0x08000000   Section      304  startup_stm32f10x_hd.o(RESET)
    !!!main                                  0x08000130   Section        8  __main.o(!!!main)
    !!!scatter                               0x08000138   Section       52  __scatter.o(!!!scatter)
    !!dczerorl2                              0x0800016c   Section       90  __dczerorl2.o(!!dczerorl2)
    !!handler_zi                             0x080001c8   Section       28  __scatter_zi.o(!!handler_zi)
    .ARM.Collect$$libinit$$00000000          0x080001e4   Section        6  libinit.o(.ARM.Collect$$libinit$$00000000)
    .ARM.Collect$$libinit$$00000006          0x080001ea   Section        0  libinit2.o(.ARM.Collect$$libinit$$00000006)
    .ARM.Collect$$libinit$$00000008          0x080001ea   Section        0  libinit2.o(.ARM.Collect$$libinit$$00000008)
    .ARM.Collect$$libinit$$0000000A          0x080001ea   Section        0  libinit2.o(.ARM.Collect$$libinit$$0000000A)
    .ARM.Collect$$libinit$$0000000D          0x080001ea   Section        0  libinit2.o(.ARM.Collect$$libinit$$0000000D)
    .ARM.Collect$$libinit$$0000000F          0x080001ea   Section        0  libinit2.o(.ARM.Collect$$libinit$$0000000F)
    .ARM.Collect$$libinit$$00000011          0x080001ea   Section        0  libinit2.o(.ARM.Collect$$libinit$$00000011)
    .ARM.Collect$$libinit$$00000013          0x080001ea   Section        0  libinit2.o(.ARM.Collect$$libinit$$00000013)
    .ARM.Collect$$libinit$$00000015          0x080001ea   Section        0  libinit2.o(.ARM.Collect$$libinit$$00000015)
    .ARM.Collect$$libinit$$00000017          0x080001ea   Section        0  libinit2.o(.ARM.Collect$$libinit$$00000017)
    .ARM.Collect$$libinit$$00000019          0x080001ea   Section        0  libinit2.o(.ARM.Collect$$libinit$$00000019)
    .ARM.Collect$$libinit$$0000001B          0x080001ea   Section        0  libinit2.o(.ARM.Collect$$libinit$$0000001B)
    .ARM.Collect$$libinit$$0000001D          0x080001ea   Section        0  libinit2.o(.ARM.Collect$$libinit$$0000001D)
    .ARM.Collect$$libinit$$0000001F          0x080001ea   Section        0  libinit2.o(.ARM.Collect$$libinit$$0000001F)
    .ARM.Collect$$libinit$$00000021          0x080001ea   Section        0  libinit2.o(.ARM.Collect$$libinit$$00000021)
    .ARM.Collect$$libinit$$00000028          0x080001ea   Section        0  libinit2.o(.ARM.Collect$$libinit$$00000028)
    .ARM.Collect$$libinit$$0000002A          0x080001ea   Section        0  libinit2.o(.ARM.Collect$$libinit$$0000002A)
    .ARM.Collect$$libinit$$0000002C          0x080001ea   Section        0  libinit2.o(.ARM.Collect$$libinit$$0000002C)
    .ARM.Collect$$libinit$$0000002E          0x080001ea   Section        0  libinit2.o(.ARM.Collect$$libinit$$0000002E)
    .ARM.Collect$$libinit$$0000002F          0x080001ea   Section        2  libinit2.o(.ARM.Collect$$libinit$$0000002F)
    .ARM.Collect$$libshutdown$$00000000      0x080001ec   Section        2  libshutdown.o(.ARM.Collect$$libshutdown$$00000000)
    .ARM.Collect$$libshutdown$$00000003      0x080001ee   Section        0  libshutdown2.o(.ARM.Collect$$libshutdown$$00000003)
    .ARM.Collect$$libshutdown$$00000006      0x080001ee   Section        0  libshutdown2.o(.ARM.Collect$$libshutdown$$00000006)
    .ARM.Collect$$libshutdown$$00000009      0x080001ee   Section        0  libshutdown2.o(.ARM.Collect$$libshutdown$$00000009)
    .ARM.Collect$$libshutdown$$0000000B      0x080001ee   Section        0  libshutdown2.o(.ARM.Collect$$libshutdown$$0000000B)
    .ARM.Collect$$libshutdown$$0000000E      0x080001ee   Section        0  libshutdown2.o(.ARM.Collect$$libshutdown$$0000000E)
    .ARM.Collect$$libshutdown$$0000000F      0x080001ee   Section        2  libshutdown2.o(.ARM.Collect$$libshutdown$$0000000F)
    .ARM.Collect$$rtentry$$00000000          0x080001f0   Section        0  rtentry.o(.ARM.Collect$$rtentry$$00000000)
    .ARM.Collect$$rtentry$$00000002          0x080001f0   Section        0  rtentry2.o(.ARM.Collect$$rtentry$$00000002)
    .ARM.Collect$$rtentry$$00000004          0x080001f0   Section        6  rtentry4.o(.ARM.Collect$$rtentry$$00000004)
    .ARM.Collect$$rtentry$$00000009          0x080001f6   Section        0  rtentry2.o(.ARM.Collect$$rtentry$$00000009)
    .ARM.Collect$$rtentry$$0000000A          0x080001f6   Section        4  rtentry2.o(.ARM.Collect$$rtentry$$0000000A)
    .ARM.Collect$$rtentry$$0000000C          0x080001fa   Section        0  rtentry2.o(.ARM.Collect$$rtentry$$0000000C)
    .ARM.Collect$$rtentry$$0000000D          0x080001fa   Section        8  rtentry2.o(.ARM.Collect$$rtentry$$0000000D)
    .ARM.Collect$$rtexit$$00000000           0x08000202   Section        2  rtexit.o(.ARM.Collect$$rtexit$$00000000)
    .ARM.Collect$$rtexit$$00000002           0x08000204   Section        0  rtexit2.o(.ARM.Collect$$rtexit$$00000002)
    .ARM.Collect$$rtexit$$00000003           0x08000204   Section        4  rtexit2.o(.ARM.Collect$$rtexit$$00000003)
    .ARM.Collect$$rtexit$$00000004           0x08000208   Section        6  rtexit2.o(.ARM.Collect$$rtexit$$00000004)
    .emb_text                                0x08000210   Section       12  sys.o(.emb_text)
    .text                                    0x0800021c   Section       56  startup_stm32f10x_hd.o(.text)
    .text                                    0x08000254   Section        0  test.o(.text)
    sys_image_var_init                       0x08000255   Thumb Code     2  test.o(.text)
    .text                                    0x08000534   Section        0  delay.o(.text)
    .text                                    0x080005d4   Section        0  sys.o(.text)
    .text                                    0x080008bc   Section        0  usart.o(.text)
    .text                                    0x08000d6c   Section        0  key.o(.text)
    .text                                    0x08000e74   Section        0  exti.o(.text)
    .text                                    0x08000ff0   Section        0  wdg.o(.text)
    .text                                    0x080010d8   Section        0  timer.o(.text)
    .text                                    0x08001524   Section        0  wkup.o(.text)
    .text                                    0x080015f8   Section        0  dac.o(.text)
    .text                                    0x080016c0   Section        0  myiic.o(.text)
    .text                                    0x08001938   Section        0  24cxx.o(.text)
    .text                                    0x08001ab4   Section        0  rtc.o(.text)
    .text                                    0x08001f34   Section        0  remote.o(.text)
    .text                                    0x080021ec   Section        0  ps2.o(.text)
    .text                                    0x08002644   Section        0  stmflash.o(.text)
    .text                                    0x08002880   Section        0  rda5820.o(.text)
    .text                                    0x08002ba8   Section        0  ov7670.o(.text)
    .text                                    0x08002f30   Section        0  sccb.o(.text)
    .text                                    0x080031f4   Section        0  sram.o(.text)
    .text                                    0x080033ac   Section        0  usmart.o(.text)
    .text                                    0x080036fc   Section        0  usmart_str.o(.text)
    .text                                    0x08003c18   Section      138  rt_memcpy_v6.o(.text)
    .text                                    0x08003ca2   Section        0  heapauxi.o(.text)
    .text                                    0x08003ca8   Section      100  rt_memcpy_w.o(.text)
    .text                                    0x08003d0c   Section        8  libspace.o(.text)
    .text                                    0x08003d14   Section       74  sys_stackheap_outer.o(.text)
    .text                                    0x08003d5e   Section        0  exit.o(.text)
    .text                                    0x08003d6c   Section        8  rt_fp_status_addr_intlibspace.o(.text)
    .text                                    0x08003d74   Section        0  sys_exit.o(.text)
    .text                                    0x08003d80   Section        2  use_no_semi.o(.text)
    .text                                    0x08003d82   Section        0  indicate_semi.o(.text)
    x$fpl$d2f                                0x08003d84   Section       98  d2f.o(x$fpl$d2f)
    x$fpl$ddiv                               0x08003de8   Section      688  ddiv.o(x$fpl$ddiv)
    ddiv_entry                               0x08003def   Thumb Code     0  ddiv.o(x$fpl$ddiv)
    x$fpl$dnaninf                            0x08004098   Section      156  dnaninf.o(x$fpl$dnaninf)
    x$fpl$dretinf                            0x08004134   Section       12  dretinf.o(x$fpl$dretinf)
    x$fpl$f2d                                0x08004140   Section       86  f2d.o(x$fpl$f2d)
    x$fpl$fadd                               0x08004198   Section      196  faddsub_clz.o(x$fpl$fadd)
    _fadd1                                   0x080041a7   Thumb Code     0  faddsub_clz.o(x$fpl$fadd)
    x$fpl$fdiv                               0x0800425c   Section      388  fdiv.o(x$fpl$fdiv)
    _fdiv1                                   0x0800425d   Thumb Code     0  fdiv.o(x$fpl$fdiv)
    x$fpl$ffixu                              0x080043e0   Section       62  ffixu.o(x$fpl$ffixu)
    x$fpl$ffltu                              0x08004420   Section       38  fflt_clz.o(x$fpl$ffltu)
    x$fpl$fmul                               0x08004448   Section      258  fmul.o(x$fpl$fmul)
    x$fpl$fnaninf                            0x0800454a   Section      140  fnaninf.o(x$fpl$fnaninf)
    x$fpl$fpinit                             0x080045d6   Section       14  fpinit.o(x$fpl$fpinit)
    x$fpl$fretinf                            0x080045e4   Section       10  fretinf.o(x$fpl$fretinf)
    x$fpl$frsb                               0x080045ee   Section       20  faddsub_clz.o(x$fpl$frsb)
    x$fpl$fsub                               0x08004604   Section      234  faddsub_clz.o(x$fpl$fsub)
    _fsub1                                   0x08004613   Thumb Code     0  faddsub_clz.o(x$fpl$fsub)
    .constdata                               0x080046ee   Section      512  usart.o(.constdata)
    x$fpl$usenofp                            0x080046ee   Section        0  usenofp.o(x$fpl$usenofp)
    .constdata                               0x080048ee   Section       24  rtc.o(.constdata)
    .constdata                               0x08004906   Section      230  ov7670.o(.constdata)
    .conststring                             0x080049ec   Section       81  test.o(.conststring)
    .conststring                             0x08004a3d   Section       23  usmart.o(.conststring)
    .conststring                             0x08004a54   Section      575  usmart_config.o(.conststring)
    .data                                    0x20000000   Section       55  test.o(.data)
    .data                                    0x20000038   Section        4  delay.o(.data)
    fac_us                                   0x20000038   Data           1  delay.o(.data)
    fac_ms                                   0x2000003a   Data           2  delay.o(.data)
    .data                                    0x2000003c   Section       24  usart.o(.data)
    .data                                    0x20000054   Section        1  key.o(.data)
    key_up                                   0x20000054   Data           1  key.o(.data)
    .data                                    0x20000055   Section        1  exti.o(.data)
    .data                                    0x20000056   Section        1  wdg.o(.data)
    .data                                    0x20000058   Section       13  timer.o(.data)
    .data                                    0x20000066   Section        2  rtc.o(.data)
    daycnt                                   0x20000066   Data           2  rtc.o(.data)
    .data                                    0x20000068   Section       12  remote.o(.data)
    .data                                    0x20000074   Section        4  ps2.o(.data)
    tempdata                                 0x20000076   Data           1  ps2.o(.data)
    parity                                   0x20000077   Data           1  ps2.o(.data)
    .data                                    0x20000078   Section       10  mouse.o(.data)
    .data                                    0x20000084   Section       24  usmart.o(.data)
    .data                                    0x2000009c   Section      372  usmart_config.o(.data)
    .bss                                     0x20000210   Section     4096  test.o(.bss)
    .bss                                     0x20001210   Section     1088  usart.o(.bss)
    .bss                                     0x20001650   Section       10  rtc.o(.bss)
    .bss                                     0x2000165a   Section       16  ps2.o(.bss)
    .bss                                     0x2000166a   Section     2048  stmflash.o(.bss)
    .bss                                     0x20001e6c   Section       96  libspace.o(.bss)
    HEAP                                     0x20001ed0   Section      512  startup_stm32f10x_hd.o(HEAP)
    Heap_Mem                                 0x20001ed0   Data         512  startup_stm32f10x_hd.o(HEAP)
    STACK                                    0x200020d0   Section     1024  startup_stm32f10x_hd.o(STACK)
    Stack_Mem                                0x200020d0   Data        1024  startup_stm32f10x_hd.o(STACK)
    __initial_sp                             0x200024d0   Data           0  startup_stm32f10x_hd.o(STACK)
    .ARM.__AT_0x68000000                     0x68000000   Section    163840  malloc.o(.ARM.__AT_0x68000000)
    .ARM.__AT_0x68028000                     0x68028000   Section    10240  malloc.o(.ARM.__AT_0x68028000)
    .ARM.__AT_0x68050000                     0x68050000   Section    160000  malloc.o(.ARM.__AT_0x68050000)
    .ARM.__AT_0x680A0000                     0x680a0000   Section    161280  malloc.o(.ARM.__AT_0x680A0000)

    Global Symbols

    Symbol Name                              Value     Ov Type        Size  Object(Section)

    BuildAttributes$$THM_ISAv4$P$D$K$B$S$PE$A:L22UL41UL21$X:L11$S22US41US21$IEEE1$IW$USESV6$~STKCKD$USESV7$~SHL$OTIME$ROPI$IEEEX$EBA8$UX$STANDARDLIB$REQ8$PRES8$EABIv2 0x00000000   Number         0  anon$$obj.o ABSOLUTE
    __ARM_use_no_argv                        0x00000000   Number         0  test.o ABSOLUTE
    __ARM_exceptions_init                     - Undefined Weak Reference
    __alloca_initialize                       - Undefined Weak Reference
    __cpp_initialize__aeabi_                  - Undefined Weak Reference
    __cxa_finalize                            - Undefined Weak Reference
    __rt_locale                               - Undefined Weak Reference
    __sigvec_lookup                           - Undefined Weak Reference
    _atexit_init                              - Undefined Weak Reference
    _call_atexit_fns                          - Undefined Weak Reference
    _clock_init                               - Undefined Weak Reference
    _fp_trap_init                             - Undefined Weak Reference
    _fp_trap_shutdown                         - Undefined Weak Reference
    _get_lc_collate                           - Undefined Weak Reference
    _get_lc_ctype                             - Undefined Weak Reference
    _get_lc_monetary                          - Undefined Weak Reference
    _get_lc_numeric                           - Undefined Weak Reference
    _get_lc_time                              - Undefined Weak Reference
    _getenv_init                              - Undefined Weak Reference
    _handle_redirection                       - Undefined Weak Reference
    _init_alloc                               - Undefined Weak Reference
    _init_user_alloc                          - Undefined Weak Reference
    _initio                                   - Undefined Weak Reference
    _rand_init                                - Undefined Weak Reference
    _signal_finish                            - Undefined Weak Reference
    _signal_init                              - Undefined Weak Reference
    _terminate_alloc                          - Undefined Weak Reference
    _terminate_user_alloc                     - Undefined Weak Reference
    _terminateio                              - Undefined Weak Reference
    __Vectors_Size                           0x00000130   Number         0  startup_stm32f10x_hd.o ABSOLUTE
    __Vectors                                0x08000000   Data           4  startup_stm32f10x_hd.o(RESET)
    __Vectors_End                            0x08000130   Data           0  startup_stm32f10x_hd.o(RESET)
    __main                                   0x08000131   Thumb Code     8  __main.o(!!!main)
    __scatterload                            0x08000139   Thumb Code     0  __scatter.o(!!!scatter)
    __scatterload_rt2                        0x08000139   Thumb Code    44  __scatter.o(!!!scatter)
    __scatterload_rt2_thumb_only             0x08000139   Thumb Code     0  __scatter.o(!!!scatter)
    __scatterload_null                       0x08000147   Thumb Code     0  __scatter.o(!!!scatter)
    __decompress                             0x0800016d   Thumb Code    90  __dczerorl2.o(!!dczerorl2)
    __decompress1                            0x0800016d   Thumb Code     0  __dczerorl2.o(!!dczerorl2)
    __scatterload_zeroinit                   0x080001c9   Thumb Code    28  __scatter_zi.o(!!handler_zi)
    __rt_lib_init                            0x080001e5   Thumb Code     0  libinit.o(.ARM.Collect$$libinit$$00000000)
    __rt_lib_init_alloca_1                   0x080001eb   Thumb Code     0  libinit2.o(.ARM.Collect$$libinit$$0000002A)
    __rt_lib_init_argv_1                     0x080001eb   Thumb Code     0  libinit2.o(.ARM.Collect$$libinit$$00000028)
    __rt_lib_init_atexit_1                   0x080001eb   Thumb Code     0  libinit2.o(.ARM.Collect$$libinit$$00000017)
    __rt_lib_init_clock_1                    0x080001eb   Thumb Code     0  libinit2.o(.ARM.Collect$$libinit$$0000001D)
    __rt_lib_init_cpp_1                      0x080001eb   Thumb Code     0  libinit2.o(.ARM.Collect$$libinit$$0000002E)
    __rt_lib_init_exceptions_1               0x080001eb   Thumb Code     0  libinit2.o(.ARM.Collect$$libinit$$0000002C)
    __rt_lib_init_fp_trap_1                  0x080001eb   Thumb Code     0  libinit2.o(.ARM.Collect$$libinit$$0000001B)
    __rt_lib_init_getenv_1                   0x080001eb   Thumb Code     0  libinit2.o(.ARM.Collect$$libinit$$0000001F)
    __rt_lib_init_heap_1                     0x080001eb   Thumb Code     0  libinit2.o(.ARM.Collect$$libinit$$00000006)
    __rt_lib_init_lc_collate_1               0x080001eb   Thumb Code     0  libinit2.o(.ARM.Collect$$libinit$$0000000D)
    __rt_lib_init_lc_ctype_1                 0x080001eb   Thumb Code     0  libinit2.o(.ARM.Collect$$libinit$$0000000F)
    __rt_lib_init_lc_monetary_1              0x080001eb   Thumb Code     0  libinit2.o(.ARM.Collect$$libinit$$00000011)
    __rt_lib_init_lc_numeric_1               0x080001eb   Thumb Code     0  libinit2.o(.ARM.Collect$$libinit$$00000013)
    __rt_lib_init_lc_time_1                  0x080001eb   Thumb Code     0  libinit2.o(.ARM.Collect$$libinit$$00000015)
    __rt_lib_init_rand_1                     0x080001eb   Thumb Code     0  libinit2.o(.ARM.Collect$$libinit$$0000000A)
    __rt_lib_init_return                     0x080001eb   Thumb Code     0  libinit2.o(.ARM.Collect$$libinit$$0000002F)
    __rt_lib_init_signal_1                   0x080001eb   Thumb Code     0  libinit2.o(.ARM.Collect$$libinit$$00000019)
    __rt_lib_init_stdio_1                    0x080001eb   Thumb Code     0  libinit2.o(.ARM.Collect$$libinit$$00000021)
    __rt_lib_init_user_alloc_1               0x080001eb   Thumb Code     0  libinit2.o(.ARM.Collect$$libinit$$00000008)
    __rt_lib_shutdown                        0x080001ed   Thumb Code     0  libshutdown.o(.ARM.Collect$$libshutdown$$00000000)
    __rt_lib_shutdown_fp_trap_1              0x080001ef   Thumb Code     0  libshutdown2.o(.ARM.Collect$$libshutdown$$00000006)
    __rt_lib_shutdown_heap_1                 0x080001ef   Thumb Code     0  libshutdown2.o(.ARM.Collect$$libshutdown$$0000000E)
    __rt_lib_shutdown_return                 0x080001ef   Thumb Code     0  libshutdown2.o(.ARM.Collect$$libshutdown$$0000000F)
    __rt_lib_shutdown_signal_1               0x080001ef   Thumb Code     0  libshutdown2.o(.ARM.Collect$$libshutdown$$00000009)
    __rt_lib_shutdown_stdio_1                0x080001ef   Thumb Code     0  libshutdown2.o(.ARM.Collect$$libshutdown$$00000003)
    __rt_lib_shutdown_user_alloc_1           0x080001ef   Thumb Code     0  libshutdown2.o(.ARM.Collect$$libshutdown$$0000000B)
    __rt_entry                               0x080001f1   Thumb Code     0  rtentry.o(.ARM.Collect$$rtentry$$00000000)
    __rt_entry_presh_1                       0x080001f1   Thumb Code     0  rtentry2.o(.ARM.Collect$$rtentry$$00000002)
    __rt_entry_sh                            0x080001f1   Thumb Code     0  rtentry4.o(.ARM.Collect$$rtentry$$00000004)
    __rt_entry_li                            0x080001f7   Thumb Code     0  rtentry2.o(.ARM.Collect$$rtentry$$0000000A)
    __rt_entry_postsh_1                      0x080001f7   Thumb Code     0  rtentry2.o(.ARM.Collect$$rtentry$$00000009)
    __rt_entry_main                          0x080001fb   Thumb Code     0  rtentry2.o(.ARM.Collect$$rtentry$$0000000D)
    __rt_entry_postli_1                      0x080001fb   Thumb Code     0  rtentry2.o(.ARM.Collect$$rtentry$$0000000C)
    __rt_exit                                0x08000203   Thumb Code     0  rtexit.o(.ARM.Collect$$rtexit$$00000000)
    __rt_exit_ls                             0x08000205   Thumb Code     0  rtexit2.o(.ARM.Collect$$rtexit$$00000003)
    __rt_exit_prels_1                        0x08000205   Thumb Code     0  rtexit2.o(.ARM.Collect$$rtexit$$00000002)
    __rt_exit_exit                           0x08000209   Thumb Code     0  rtexit2.o(.ARM.Collect$$rtexit$$00000004)
    WFI_SET                                  0x08000211   Thumb Code     2  sys.o(.emb_text)
    INTX_DISABLE                             0x08000213   Thumb Code     2  sys.o(.emb_text)
    INTX_ENABLE                              0x08000215   Thumb Code     2  sys.o(.emb_text)
    MSR_MSP                                  0x08000217   Thumb Code     6  sys.o(.emb_text)
    Reset_Handler                            0x0800021d   Thumb Code     4  startup_stm32f10x_hd.o(.text)
    NMI_Handler                              0x08000221   Thumb Code     2  startup_stm32f10x_hd.o(.text)
    HardFault_Handler                        0x08000223   Thumb Code     2  startup_stm32f10x_hd.o(.text)
    MemManage_Handler                        0x08000225   Thumb Code     2  startup_stm32f10x_hd.o(.text)
    BusFault_Handler                         0x08000227   Thumb Code     2  startup_stm32f10x_hd.o(.text)
    UsageFault_Handler                       0x08000229   Thumb Code     2  startup_stm32f10x_hd.o(.text)
    SVC_Handler                              0x0800022b   Thumb Code     2  startup_stm32f10x_hd.o(.text)
    DebugMon_Handler                         0x0800022d   Thumb Code     2  startup_stm32f10x_hd.o(.text)
    PendSV_Handler                           0x0800022f   Thumb Code     2  startup_stm32f10x_hd.o(.text)
    SysTick_Handler                          0x08000231   Thumb Code     2  startup_stm32f10x_hd.o(.text)
    ADC1_2_IRQHandler                        0x08000233   Thumb Code     0  startup_stm32f10x_hd.o(.text)
    ADC3_IRQHandler                          0x08000233   Thumb Code     0  startup_stm32f10x_hd.o(.text)
    CAN1_RX1_IRQHandler                      0x08000233   Thumb Code     0  startup_stm32f10x_hd.o(.text)
    CAN1_SCE_IRQHandler                      0x08000233   Thumb Code     0  startup_stm32f10x_hd.o(.text)
    DMA1_Channel1_IRQHandler                 0x08000233   Thumb Code     0  startup_stm32f10x_hd.o(.text)
    DMA1_Channel2_IRQHandler                 0x08000233   Thumb Code     0  startup_stm32f10x_hd.o(.text)
    DMA1_Channel3_IRQHandler                 0x08000233   Thumb Code     0  startup_stm32f10x_hd.o(.text)
    DMA1_Channel4_IRQHandler                 0x08000233   Thumb Code     0  startup_stm32f10x_hd.o(.text)
    DMA1_Channel5_IRQHandler                 0x08000233   Thumb Code     0  startup_stm32f10x_hd.o(.text)
    DMA1_Channel6_IRQHandler                 0x08000233   Thumb Code     0  startup_stm32f10x_hd.o(.text)
    DMA1_Channel7_IRQHandler                 0x08000233   Thumb Code     0  startup_stm32f10x_hd.o(.text)
    DMA2_Channel1_IRQHandler                 0x08000233   Thumb Code     0  startup_stm32f10x_hd.o(.text)
    DMA2_Channel2_IRQHandler                 0x08000233   Thumb Code     0  startup_stm32f10x_hd.o(.text)
    DMA2_Channel3_IRQHandler                 0x08000233   Thumb Code     0  startup_stm32f10x_hd.o(.text)
    DMA2_Channel4_5_IRQHandler               0x08000233   Thumb Code     0  startup_stm32f10x_hd.o(.text)
    EXTI1_IRQHandler                         0x08000233   Thumb Code     0  startup_stm32f10x_hd.o(.text)
    FLASH_IRQHandler                         0x08000233   Thumb Code     0  startup_stm32f10x_hd.o(.text)
    FSMC_IRQHandler                          0x08000233   Thumb Code     0  startup_stm32f10x_hd.o(.text)
    I2C1_ER_IRQHandler                       0x08000233   Thumb Code     0  startup_stm32f10x_hd.o(.text)
    I2C1_EV_IRQHandler                       0x08000233   Thumb Code     0  startup_stm32f10x_hd.o(.text)
    I2C2_ER_IRQHandler                       0x08000233   Thumb Code     0  startup_stm32f10x_hd.o(.text)
    I2C2_EV_IRQHandler                       0x08000233   Thumb Code     0  startup_stm32f10x_hd.o(.text)
    PVD_IRQHandler                           0x08000233   Thumb Code     0  startup_stm32f10x_hd.o(.text)
    RCC_IRQHandler                           0x08000233   Thumb Code     0  startup_stm32f10x_hd.o(.text)
    RTCAlarm_IRQHandler                      0x08000233   Thumb Code     0  startup_stm32f10x_hd.o(.text)
    SDIO_IRQHandler                          0x08000233   Thumb Code     0  startup_stm32f10x_hd.o(.text)
    SPI1_IRQHandler                          0x08000233   Thumb Code     0  startup_stm32f10x_hd.o(.text)
    SPI2_IRQHandler                          0x08000233   Thumb Code     0  startup_stm32f10x_hd.o(.text)
    SPI3_IRQHandler                          0x08000233   Thumb Code     0  startup_stm32f10x_hd.o(.text)
    TAMPER_IRQHandler                        0x08000233   Thumb Code     0  startup_stm32f10x_hd.o(.text)
    TIM1_BRK_IRQHandler                      0x08000233   Thumb Code     0  startup_stm32f10x_hd.o(.text)
    TIM1_CC_IRQHandler                       0x08000233   Thumb Code     0  startup_stm32f10x_hd.o(.text)
    TIM1_TRG_COM_IRQHandler                  0x08000233   Thumb Code     0  startup_stm32f10x_hd.o(.text)
    TIM1_UP_IRQHandler                       0x08000233   Thumb Code     0  startup_stm32f10x_hd.o(.text)
    TIM7_IRQHandler                          0x08000233   Thumb Code     0  startup_stm32f10x_hd.o(.text)
    TIM8_BRK_IRQHandler                      0x08000233   Thumb Code     0  startup_stm32f10x_hd.o(.text)
    TIM8_CC_IRQHandler                       0x08000233   Thumb Code     0  startup_stm32f10x_hd.o(.text)
    TIM8_TRG_COM_IRQHandler                  0x08000233   Thumb Code     0  startup_stm32f10x_hd.o(.text)
    TIM8_UP_IRQHandler                       0x08000233   Thumb Code     0  startup_stm32f10x_hd.o(.text)
    UART4_IRQHandler                         0x08000233   Thumb Code     0  startup_stm32f10x_hd.o(.text)
    UART5_IRQHandler                         0x08000233   Thumb Code     0  startup_stm32f10x_hd.o(.text)
    USART1_IRQHandler                        0x08000233   Thumb Code     0  startup_stm32f10x_hd.o(.text)
    USART3_IRQHandler                        0x08000233   Thumb Code     0  startup_stm32f10x_hd.o(.text)
    USBWakeUp_IRQHandler                     0x08000233   Thumb Code     0  startup_stm32f10x_hd.o(.text)
    USB_HP_CAN1_TX_IRQHandler                0x08000233   Thumb Code     0  startup_stm32f10x_hd.o(.text)
    USB_LP_CAN1_RX0_IRQHandler               0x08000233   Thumb Code     0  startup_stm32f10x_hd.o(.text)
    __user_initial_stackheap                 0x08000235   Thumb Code     0  startup_stm32f10x_hd.o(.text)
    Update_Outbuf                            0x08000257   Thumb Code   212  test.o(.text)
    Camera_refresh                           0x0800032b   Thumb Code   164  test.o(.text)
    main                                     0x080003cf   Thumb Code   276  test.o(.text)
    delay_init                               0x08000535   Thumb Code    44  delay.o(.text)
    delay_us                                 0x08000561   Thumb Code    54  delay.o(.text)
    delay_ms                                 0x08000597   Thumb Code    54  delay.o(.text)
    MY_NVIC_SetVectorTable                   0x080005d5   Thumb Code    12  sys.o(.text)
    MY_NVIC_PriorityGroupConfig              0x080005e1   Thumb Code    36  sys.o(.text)
    MY_NVIC_Init                             0x08000605   Thumb Code   156  sys.o(.text)
    Ex_NVIC_Config                           0x080006a1   Thumb Code   144  sys.o(.text)
    MYRCC_DeInit                             0x08000731   Thumb Code    90  sys.o(.text)
    Sys_Standby                              0x0800078b   Thumb Code    68  sys.o(.text)
    Sys_Soft_Reset                           0x080007cf   Thumb Code    12  sys.o(.text)
    JTAG_Set                                 0x080007db   Thumb Code    42  sys.o(.text)
    Stm32_Clock_Init                         0x08000805   Thumb Code   130  sys.o(.text)
    USARTOverTimeHandle                      0x080008bd   Thumb Code    82  usart.o(.text)
    USART2_IRQHandler                        0x0800090f   Thumb Code   142  usart.o(.text)
    memcpy                                   0x0800099d   Thumb Code    20  usart.o(.text)
    GetCRC                                   0x080009b1   Thumb Code    46  usart.o(.text)
    COMFrmVrify                              0x080009df   Thumb Code    42  usart.o(.text)
    UartSendData                             0x08000a09   Thumb Code    94  usart.o(.text)
    UartRecvDataHandle                       0x08000a67   Thumb Code   370  usart.o(.text)
    UartRecvHandle                           0x08000bd9   Thumb Code    56  usart.o(.text)
    uart_init                                0x08000c11   Thumb Code   340  usart.o(.text)
    KEY_Init                                 0x08000d6d   Thumb Code    86  key.o(.text)
    KEY_Scan                                 0x08000dc3   Thumb Code   138  key.o(.text)
    EXTI2_IRQHandler                         0x08000e75   Thumb Code    40  exti.o(.text)
    EXTI3_IRQHandler                         0x08000e9d   Thumb Code    40  exti.o(.text)
    EXTI4_IRQHandler                         0x08000ec5   Thumb Code    58  exti.o(.text)
    EXTIX_Init                               0x08000eff   Thumb Code    96  exti.o(.text)
    EXTI9_5_IRQHandler                       0x08000f5f   Thumb Code    74  exti.o(.text)
    EXTI8_Init                               0x08000fa9   Thumb Code    26  exti.o(.text)
    IWDG_Init                                0x08000ff1   Thumb Code    28  wdg.o(.text)
    IWDG_Feed                                0x0800100d   Thumb Code    10  wdg.o(.text)
    WWDG_Init                                0x08001017   Thumb Code   124  wdg.o(.text)
    WWDG_Set_Counter                         0x08001093   Thumb Code    12  wdg.o(.text)
    WWDG_IRQHandler                          0x0800109f   Thumb Code    36  wdg.o(.text)
    TIM3_IRQHandler                          0x080010d9   Thumb Code   218  timer.o(.text)
    TIM3_Int_Init                            0x080011b3   Thumb Code    74  timer.o(.text)
    TIM3_PWM_Init                            0x080011fd   Thumb Code   154  timer.o(.text)
    TIM5_Cap_Init                            0x08001297   Thumb Code   176  timer.o(.text)
    TIM5_IRQHandler                          0x08001347   Thumb Code   184  timer.o(.text)
    TIM4_PWM_Init                            0x080013ff   Thumb Code   128  timer.o(.text)
    TIM6_IRQHandler                          0x0800147f   Thumb Code    30  timer.o(.text)
    TIM6_Int_Init                            0x0800149d   Thumb Code   134  timer.o(.text)
    Sys_Enter_Standby                        0x08001525   Thumb Code    20  wkup.o(.text)
    Check_WKUP                               0x08001539   Thumb Code    72  wkup.o(.text)
    EXTI0_IRQHandler                         0x08001581   Thumb Code    20  wkup.o(.text)
    WKUP_Init                                0x08001595   Thumb Code    80  wkup.o(.text)
    Dac1_Init                                0x080015f9   Thumb Code   102  dac.o(.text)
    Dac1_Set_Vol                             0x0800165f   Thumb Code    76  dac.o(.text)
    IIC_Init                                 0x080016c1   Thumb Code    52  myiic.o(.text)
    IIC_Start                                0x080016f5   Thumb Code    68  myiic.o(.text)
    IIC_Stop                                 0x08001739   Thumb Code    66  myiic.o(.text)
    IIC_Wait_Ack                             0x0800177b   Thumb Code    82  myiic.o(.text)
    IIC_Ack                                  0x080017cd   Thumb Code    72  myiic.o(.text)
    IIC_NAck                                 0x08001815   Thumb Code    72  myiic.o(.text)
    IIC_Send_Byte                            0x0800185d   Thumb Code    96  myiic.o(.text)
    IIC_Read_Byte                            0x080018bd   Thumb Code    98  myiic.o(.text)
    AT24CXX_Init                             0x08001939   Thumb Code     8  24cxx.o(.text)
    AT24CXX_ReadOneByte                      0x08001941   Thumb Code    88  24cxx.o(.text)
    AT24CXX_WriteOneByte                     0x08001999   Thumb Code    80  24cxx.o(.text)
    AT24CXX_WriteLenByte                     0x080019e9   Thumb Code    42  24cxx.o(.text)
    AT24CXX_ReadLenByte                      0x08001a13   Thumb Code    44  24cxx.o(.text)
    AT24CXX_Check                            0x08001a3f   Thumb Code    46  24cxx.o(.text)
    AT24CXX_Read                             0x08001a6d   Thumb Code    34  24cxx.o(.text)
    AT24CXX_Write                            0x08001a8f   Thumb Code    36  24cxx.o(.text)
    RTC_Get_Week                             0x08001ab5   Thumb Code   114  rtc.o(.text)
    Is_Leap_Year                             0x08001b27   Thumb Code    58  rtc.o(.text)
    RTC_Get                                  0x08001b61   Thumb Code   246  rtc.o(.text)
    RTC_Set                                  0x08001c57   Thumb Code   254  rtc.o(.text)
    RTC_Init                                 0x08001d55   Thumb Code   356  rtc.o(.text)
    RTC_IRQHandler                           0x08001eb9   Thumb Code    80  rtc.o(.text)
    Remote_Init                              0x08001f35   Thumb Code   182  remote.o(.text)
    TIM4_IRQHandler                          0x08001feb   Thumb Code   386  remote.o(.text)
    Remote_Scan                              0x0800216d   Thumb Code    94  remote.o(.text)
    PS2_Set_Int                              0x080021ed   Thumb Code    46  ps2.o(.text)
    PS2_Dis_Data_Report                      0x0800221b   Thumb Code    38  ps2.o(.text)
    EXTI15_10_IRQHandler                     0x08002241   Thumb Code   400  ps2.o(.text)
    PS2_En_Data_Report                       0x080023d1   Thumb Code    62  ps2.o(.text)
    Wait_PS2_Scl                             0x0800240f   Thumb Code    50  ps2.o(.text)
    PS2_Get_Byte                             0x08002441   Thumb Code    86  ps2.o(.text)
    PS2_Send_Cmd                             0x08002497   Thumb Code   298  ps2.o(.text)
    PS2_Init                                 0x080025c1   Thumb Code   130  ps2.o(.text)
    STMFLASH_Unlock                          0x08002645   Thumb Code    12  stmflash.o(.text)
    STMFLASH_Lock                            0x08002651   Thumb Code    14  stmflash.o(.text)
    STMFLASH_GetStatus                       0x0800265f   Thumb Code    38  stmflash.o(.text)
    STMFLASH_WaitDone                        0x08002685   Thumb Code    42  stmflash.o(.text)
    STMFLASH_ErasePage                       0x080026af   Thumb Code    72  stmflash.o(.text)
    STMFLASH_WriteHalfWord                   0x080026f7   Thumb Code    58  stmflash.o(.text)
    STMFLASH_ReadHalfWord                    0x08002731   Thumb Code     6  stmflash.o(.text)
    STMFLASH_Write_NoCheck                   0x08002737   Thumb Code    38  stmflash.o(.text)
    STMFLASH_Read                            0x0800275d   Thumb Code    34  stmflash.o(.text)
    STMFLASH_Write                           0x0800277f   Thumb Code   222  stmflash.o(.text)
    Test_Write                               0x0800285d   Thumb Code    16  stmflash.o(.text)
    RDA5820_WR_Reg                           0x08002881   Thumb Code    56  rda5820.o(.text)
    RDA5820_RD_Reg                           0x080028b9   Thumb Code    68  rda5820.o(.text)
    RDA5820_Init                             0x080028fd   Thumb Code   142  rda5820.o(.text)
    RDA5820_RX_Mode                          0x0800298b   Thumb Code    26  rda5820.o(.text)
    RDA5820_TX_Mode                          0x080029a5   Thumb Code    30  rda5820.o(.text)
    RDA5820_Rssi_Get                         0x080029c3   Thumb Code    14  rda5820.o(.text)
    RDA5820_Vol_Set                          0x080029d1   Thumb Code    34  rda5820.o(.text)
    RDA5820_Mute_Set                         0x080029f3   Thumb Code    34  rda5820.o(.text)
    RDA5820_Rssi_Set                         0x08002a15   Thumb Code    32  rda5820.o(.text)
    RDA5820_TxPAG_Set                        0x08002a35   Thumb Code    30  rda5820.o(.text)
    RDA5820_TxPGA_Set                        0x08002a53   Thumb Code    32  rda5820.o(.text)
    RDA5820_Band_Set                         0x08002a73   Thumb Code    32  rda5820.o(.text)
    RDA5820_Space_Set                        0x08002a93   Thumb Code    30  rda5820.o(.text)
    RDA5820_Freq_Set                         0x08002ab1   Thumb Code   154  rda5820.o(.text)
    RDA5820_Freq_Get                         0x08002b4b   Thumb Code    94  rda5820.o(.text)
    OV7670_Init                              0x08002ba9   Thumb Code   318  ov7670.o(.text)
    OV7670_Light_Mode                        0x08002ce7   Thumb Code    92  ov7670.o(.text)
    OV7670_Color_Saturation                  0x08002d43   Thumb Code   122  ov7670.o(.text)
    OV7670_Brightness                        0x08002dbd   Thumb Code    50  ov7670.o(.text)
    OV7670_Contrast                          0x08002def   Thumb Code    50  ov7670.o(.text)
    OV7670_Special_Effects                   0x08002e21   Thumb Code   106  ov7670.o(.text)
    OV7670_Window_Set                        0x08002e8b   Thumb Code   138  ov7670.o(.text)
    SCCB_Init                                0x08002f31   Thumb Code   116  sccb.o(.text)
    SCCB_Start                               0x08002fa5   Thumb Code    46  sccb.o(.text)
    SCCB_Stop                                0x08002fd3   Thumb Code    46  sccb.o(.text)
    SCCB_No_Ack                              0x08003001   Thumb Code    58  sccb.o(.text)
    SCCB_WR_Byte                             0x0800303b   Thumb Code   162  sccb.o(.text)
    SCCB_RD_Byte                             0x080030dd   Thumb Code   110  sccb.o(.text)
    SCCB_WR_Reg                              0x0800314b   Thumb Code    62  sccb.o(.text)
    SCCB_RD_Reg                              0x08003189   Thumb Code    78  sccb.o(.text)
    FSMC_SRAM_Init                           0x080031f5   Thumb Code   316  sram.o(.text)
    FSMC_SRAM_WriteBuffer                    0x08003331   Thumb Code    24  sram.o(.text)
    FSMC_SRAM_ReadBuffer                     0x08003349   Thumb Code    22  sram.o(.text)
    fsmc_sram_test_write                     0x0800335f   Thumb Code    16  sram.o(.text)
    fsmc_sram_test_read                      0x0800336f   Thumb Code    20  sram.o(.text)
    usmart_sys_cmd_exe                       0x080033ad   Thumb Code   124  usmart.o(.text)
    TIM2_IRQHandler                          0x08003429   Thumb Code    38  usmart.o(.text)
    Timer2_Init                              0x0800344f   Thumb Code    68  usmart.o(.text)
    usmart_init                              0x08003493   Thumb Code    36  usmart.o(.text)
    usmart_cmd_rec                           0x080034b7   Thumb Code   170  usmart.o(.text)
    usmart_exe                               0x08003561   Thumb Code   388  usmart.o(.text)
    usmart_scan                              0x080036e5   Thumb Code     2  usmart.o(.text)
    read_addr                                0x080036e7   Thumb Code     6  usmart.o(.text)
    write_addr                               0x080036ed   Thumb Code     4  usmart.o(.text)
    usmart_strcmp                            0x080036fd   Thumb Code    34  usmart_str.o(.text)
    usmart_strcopy                           0x0800371f   Thumb Code    22  usmart_str.o(.text)
    usmart_strlen                            0x08003735   Thumb Code    24  usmart_str.o(.text)
    usmart_pow                               0x0800374d   Thumb Code    22  usmart_str.o(.text)
    usmart_str2num                           0x08003763   Thumb Code   202  usmart_str.o(.text)
    usmart_get_cmdname                       0x0800382d   Thumb Code    54  usmart_str.o(.text)
    usmart_search_nextc                      0x08003863   Thumb Code    22  usmart_str.o(.text)
    usmart_get_fname                         0x08003879   Thumb Code   440  usmart_str.o(.text)
    usmart_get_aparm                         0x08003a31   Thumb Code   188  usmart_str.o(.text)
    usmart_get_parmpos                       0x08003aed   Thumb Code    26  usmart_str.o(.text)
    usmart_get_fparam                        0x08003b07   Thumb Code   262  usmart_str.o(.text)
    __aeabi_memcpy                           0x08003c19   Thumb Code     0  rt_memcpy_v6.o(.text)
    __rt_memcpy                              0x08003c19   Thumb Code   138  rt_memcpy_v6.o(.text)
    _memcpy_lastbytes                        0x08003c7f   Thumb Code     0  rt_memcpy_v6.o(.text)
    __use_two_region_memory                  0x08003ca3   Thumb Code     2  heapauxi.o(.text)
    __rt_heap_escrow$2region                 0x08003ca5   Thumb Code     2  heapauxi.o(.text)
    __rt_heap_expand$2region                 0x08003ca7   Thumb Code     2  heapauxi.o(.text)
    __aeabi_memcpy4                          0x08003ca9   Thumb Code     0  rt_memcpy_w.o(.text)
    __aeabi_memcpy8                          0x08003ca9   Thumb Code     0  rt_memcpy_w.o(.text)
    __rt_memcpy_w                            0x08003ca9   Thumb Code   100  rt_memcpy_w.o(.text)
    _memcpy_lastbytes_aligned                0x08003cf1   Thumb Code     0  rt_memcpy_w.o(.text)
    __user_libspace                          0x08003d0d   Thumb Code     8  libspace.o(.text)
    __user_perproc_libspace                  0x08003d0d   Thumb Code     0  libspace.o(.text)
    __user_perthread_libspace                0x08003d0d   Thumb Code     0  libspace.o(.text)
    __user_setup_stackheap                   0x08003d15   Thumb Code    74  sys_stackheap_outer.o(.text)
    exit                                     0x08003d5f   Thumb Code    12  exit.o(.text)
    __rt_fp_status_addr                      0x08003d6d   Thumb Code     8  rt_fp_status_addr_intlibspace.o(.text)
    _sys_exit                                0x08003d75   Thumb Code     8  sys_exit.o(.text)
    __I$use$semihosting                      0x08003d81   Thumb Code     0  use_no_semi.o(.text)
    __use_no_semihosting_swi                 0x08003d81   Thumb Code     2  use_no_semi.o(.text)
    __semihosting_library_function           0x08003d83   Thumb Code     0  indicate_semi.o(.text)
    __aeabi_d2f                              0x08003d85   Thumb Code     0  d2f.o(x$fpl$d2f)
    _d2f                                     0x08003d85   Thumb Code    98  d2f.o(x$fpl$d2f)
    __aeabi_ddiv                             0x08003de9   Thumb Code     0  ddiv.o(x$fpl$ddiv)
    _ddiv                                    0x08003de9   Thumb Code   552  ddiv.o(x$fpl$ddiv)
    __fpl_dnaninf                            0x08004099   Thumb Code   156  dnaninf.o(x$fpl$dnaninf)
    __fpl_dretinf                            0x08004135   Thumb Code    12  dretinf.o(x$fpl$dretinf)
    __aeabi_f2d                              0x08004141   Thumb Code     0  f2d.o(x$fpl$f2d)
    _f2d                                     0x08004141   Thumb Code    86  f2d.o(x$fpl$f2d)
    __aeabi_fadd                             0x08004199   Thumb Code     0  faddsub_clz.o(x$fpl$fadd)
    _fadd                                    0x08004199   Thumb Code   196  faddsub_clz.o(x$fpl$fadd)
    __aeabi_fdiv                             0x0800425d   Thumb Code     0  fdiv.o(x$fpl$fdiv)
    _fdiv                                    0x0800425d   Thumb Code   384  fdiv.o(x$fpl$fdiv)
    __aeabi_f2uiz                            0x080043e1   Thumb Code     0  ffixu.o(x$fpl$ffixu)
    _ffixu                                   0x080043e1   Thumb Code    62  ffixu.o(x$fpl$ffixu)
    __aeabi_ui2f                             0x08004421   Thumb Code     0  fflt_clz.o(x$fpl$ffltu)
    _ffltu                                   0x08004421   Thumb Code    38  fflt_clz.o(x$fpl$ffltu)
    __aeabi_fmul                             0x08004449   Thumb Code     0  fmul.o(x$fpl$fmul)
    _fmul                                    0x08004449   Thumb Code   258  fmul.o(x$fpl$fmul)
    __fpl_fnaninf                            0x0800454b   Thumb Code   140  fnaninf.o(x$fpl$fnaninf)
    _fp_init                                 0x080045d7   Thumb Code    14  fpinit.o(x$fpl$fpinit)
    __fplib_config_pureend_doubles           0x080045e3   Thumb Code     0  fpinit.o(x$fpl$fpinit)
    __fpl_fretinf                            0x080045e5   Thumb Code    10  fretinf.o(x$fpl$fretinf)
    __aeabi_frsub                            0x080045ef   Thumb Code     0  faddsub_clz.o(x$fpl$frsb)
    _frsb                                    0x080045ef   Thumb Code    20  faddsub_clz.o(x$fpl$frsb)
    __aeabi_fsub                             0x08004605   Thumb Code     0  faddsub_clz.o(x$fpl$fsub)
    _fsub                                    0x08004605   Thumb Code   234  faddsub_clz.o(x$fpl$fsub)
    CRCHi                                    0x080046ee   Data         256  usart.o(.constdata)
    __I$use$fp                               0x080046ef   Thumb Code     0  usenofp.o(x$fpl$usenofp)
    CRCLo                                    0x080047ee   Data         256  usart.o(.constdata)
    table_week                               0x080048ee   Data          12  rtc.o(.constdata)
    mon_table                                0x080048fa   Data          12  rtc.o(.constdata)
    ov7670_init_reg_tbl                      0x08004906   Data         230  ov7670.o(.constdata)
    Region$$Table$$Base                      0x08004c94   Number         0  anon$$obj.o(Region$$Table)
    Region$$Table$$Limit                     0x08004cb4   Number         0  anon$$obj.o(Region$$Table)
    LMODE_TBL                                0x20000000   Data          20  test.o(.data)
    EFFECTS_TBL                              0x20000014   Data          28  test.o(.data)
    lightmode                                0x20000030   Data           1  test.o(.data)
    saturation                               0x20000031   Data           1  test.o(.data)
    brightness                               0x20000032   Data           1  test.o(.data)
    contrast                                 0x20000033   Data           1  test.o(.data)
    effect                                   0x20000034   Data           1  test.o(.data)
    sensor_id                                0x20000035   Data           1  test.o(.data)
    update_outbuf_flag                       0x20000036   Data           1  test.o(.data)
    ComDelayCount                            0x2000003c   Data           1  usart.o(.data)
    pComInBuf                                0x20000040   Data           4  usart.o(.data)
    pComOutBuf                               0x20000044   Data           4  usart.o(.data)
    ComInDataLen                             0x20000048   Data           2  usart.o(.data)
    ComOutDataLen                            0x2000004c   Data           4  usart.o(.data)
    ComOutDataPos                            0x20000050   Data           4  usart.o(.data)
    ov_sta                                   0x20000055   Data           1  exti.o(.data)
    WWDG_CNT                                 0x20000056   Data           1  wdg.o(.data)
    ComInDataOk                              0x20000058   Data           1  timer.o(.data)
    timer_1ms_flag                           0x20000059   Data           1  timer.o(.data)
    timer_10ms_flag                          0x2000005a   Data           1  timer.o(.data)
    timer_100ms_flag                         0x2000005b   Data           1  timer.o(.data)
    timer_1000ms_flag                        0x2000005c   Data           1  timer.o(.data)
    TIM5CH1_CAPTURE_STA                      0x2000005d   Data           1  timer.o(.data)
    ComOutDelay                              0x2000005e   Data           2  timer.o(.data)
    USARTEndDelay                            0x20000060   Data           2  timer.o(.data)
    TIM5CH1_CAPTURE_VAL                      0x20000062   Data           2  timer.o(.data)
    ov_frame                                 0x20000064   Data           1  timer.o(.data)
    RmtSta                                   0x20000068   Data           1  remote.o(.data)
    RmtRec                                   0x2000006c   Data           4  remote.o(.data)
    RmtCnt                                   0x20000070   Data           1  remote.o(.data)
    Dval                                     0x20000072   Data           2  remote.o(.data)
    PS2_Status                               0x20000074   Data           1  ps2.o(.data)
    BIT_Count                                0x20000075   Data           1  ps2.o(.data)
    MOUSE_ID                                 0x20000078   Data           1  mouse.o(.data)
    MouseX                                   0x2000007a   Data           8  mouse.o(.data)
    sys_cmd_tab                              0x20000084   Data          24  usmart.o(.data)
    usmart_nametab                           0x2000009c   Data         136  usmart_config.o(.data)
    usmart_dev                               0x20000124   Data         236  usmart_config.o(.data)
    CassMem                                  0x20000210   Data        4096  test.o(.bss)
    ComInBuf                                 0x20001210   Data          64  usart.o(.bss)
    ComOutBuf                                0x20001250   Data        1024  usart.o(.bss)
    calendar                                 0x20001650   Data          10  rtc.o(.bss)
    PS2_DATA_BUF                             0x2000165a   Data          16  ps2.o(.bss)
    STMFLASH_BUF                             0x2000166a   Data        2048  stmflash.o(.bss)
    __libspace_start                         0x20001e6c   Data          96  libspace.o(.bss)
    __temporary_stack_top$libspace           0x20001ecc   Data           0  libspace.o(.bss)
    mem2base                                 0x68000000   Data       163840  malloc.o(.ARM.__AT_0x68000000)
    mem2mapbase                              0x68028000   Data       10240  malloc.o(.ARM.__AT_0x68028000)
    raw_data                                 0x68050000   Data       160000  malloc.o(.ARM.__AT_0x68050000)
    out_data                                 0x680a0000   Data       161280  malloc.o(.ARM.__AT_0x680A0000)



==============================================================================

Memory Map of the image

  Image Entry point : 0x08000131

  Load Region LR_IROM1 (Base: 0x08000000, Size: 0x00004ec4, Max: 0x00080000, ABSOLUTE, COMPRESSED[0x00004d88])

    Execution Region ER_IROM1 (Base: 0x08000000, Size: 0x00004cb4, Max: 0x00080000, ABSOLUTE)

    Base Addr    Size         Type   Attr      Idx    E Section Name        Object

    0x08000000   0x00000130   Data   RO            3    RESET               startup_stm32f10x_hd.o
    0x08000130   0x00000008   Code   RO          871  * !!!main             c_w.l(__main.o)
    0x08000138   0x00000034   Code   RO         1144    !!!scatter          c_w.l(__scatter.o)
    0x0800016c   0x0000005a   Code   RO         1142    !!dczerorl2         c_w.l(__dczerorl2.o)
    0x080001c6   0x00000002   PAD
    0x080001c8   0x0000001c   Code   RO         1146    !!handler_zi        c_w.l(__scatter_zi.o)
    0x080001e4   0x00000006   Code   RO         1011    .ARM.Collect$$libinit$$00000000  c_w.l(libinit.o)
    0x080001ea   0x00000000   Code   RO         1018    .ARM.Collect$$libinit$$00000006  c_w.l(libinit2.o)
    0x080001ea   0x00000000   Code   RO         1020    .ARM.Collect$$libinit$$00000008  c_w.l(libinit2.o)
    0x080001ea   0x00000000   Code   RO         1022    .ARM.Collect$$libinit$$0000000A  c_w.l(libinit2.o)
    0x080001ea   0x00000000   Code   RO         1025    .ARM.Collect$$libinit$$0000000D  c_w.l(libinit2.o)
    0x080001ea   0x00000000   Code   RO         1027    .ARM.Collect$$libinit$$0000000F  c_w.l(libinit2.o)
    0x080001ea   0x00000000   Code   RO         1029    .ARM.Collect$$libinit$$00000011  c_w.l(libinit2.o)
    0x080001ea   0x00000000   Code   RO         1031    .ARM.Collect$$libinit$$00000013  c_w.l(libinit2.o)
    0x080001ea   0x00000000   Code   RO         1033    .ARM.Collect$$libinit$$00000015  c_w.l(libinit2.o)
    0x080001ea   0x00000000   Code   RO         1035    .ARM.Collect$$libinit$$00000017  c_w.l(libinit2.o)
    0x080001ea   0x00000000   Code   RO         1037    .ARM.Collect$$libinit$$00000019  c_w.l(libinit2.o)
    0x080001ea   0x00000000   Code   RO         1039    .ARM.Collect$$libinit$$0000001B  c_w.l(libinit2.o)
    0x080001ea   0x00000000   Code   RO         1041    .ARM.Collect$$libinit$$0000001D  c_w.l(libinit2.o)
    0x080001ea   0x00000000   Code   RO         1043    .ARM.Collect$$libinit$$0000001F  c_w.l(libinit2.o)
    0x080001ea   0x00000000   Code   RO         1045    .ARM.Collect$$libinit$$00000021  c_w.l(libinit2.o)
    0x080001ea   0x00000000   Code   RO         1049    .ARM.Collect$$libinit$$00000028  c_w.l(libinit2.o)
    0x080001ea   0x00000000   Code   RO         1051    .ARM.Collect$$libinit$$0000002A  c_w.l(libinit2.o)
    0x080001ea   0x00000000   Code   RO         1053    .ARM.Collect$$libinit$$0000002C  c_w.l(libinit2.o)
    0x080001ea   0x00000000   Code   RO         1055    .ARM.Collect$$libinit$$0000002E  c_w.l(libinit2.o)
    0x080001ea   0x00000002   Code   RO         1056    .ARM.Collect$$libinit$$0000002F  c_w.l(libinit2.o)
    0x080001ec   0x00000002   Code   RO         1083    .ARM.Collect$$libshutdown$$00000000  c_w.l(libshutdown.o)
    0x080001ee   0x00000000   Code   RO         1097    .ARM.Collect$$libshutdown$$00000003  c_w.l(libshutdown2.o)
    0x080001ee   0x00000000   Code   RO         1100    .ARM.Collect$$libshutdown$$00000006  c_w.l(libshutdown2.o)
    0x080001ee   0x00000000   Code   RO         1103    .ARM.Collect$$libshutdown$$00000009  c_w.l(libshutdown2.o)
    0x080001ee   0x00000000   Code   RO         1105    .ARM.Collect$$libshutdown$$0000000B  c_w.l(libshutdown2.o)
    0x080001ee   0x00000000   Code   RO         1108    .ARM.Collect$$libshutdown$$0000000E  c_w.l(libshutdown2.o)
    0x080001ee   0x00000002   Code   RO         1109    .ARM.Collect$$libshutdown$$0000000F  c_w.l(libshutdown2.o)
    0x080001f0   0x00000000   Code   RO          945    .ARM.Collect$$rtentry$$00000000  c_w.l(rtentry.o)
    0x080001f0   0x00000000   Code   RO          978    .ARM.Collect$$rtentry$$00000002  c_w.l(rtentry2.o)
    0x080001f0   0x00000006   Code   RO          990    .ARM.Collect$$rtentry$$00000004  c_w.l(rtentry4.o)
    0x080001f6   0x00000000   Code   RO          980    .ARM.Collect$$rtentry$$00000009  c_w.l(rtentry2.o)
    0x080001f6   0x00000004   Code   RO          981    .ARM.Collect$$rtentry$$0000000A  c_w.l(rtentry2.o)
    0x080001fa   0x00000000   Code   RO          983    .ARM.Collect$$rtentry$$0000000C  c_w.l(rtentry2.o)
    0x080001fa   0x00000008   Code   RO          984    .ARM.Collect$$rtentry$$0000000D  c_w.l(rtentry2.o)
    0x08000202   0x00000002   Code   RO         1014    .ARM.Collect$$rtexit$$00000000  c_w.l(rtexit.o)
    0x08000204   0x00000000   Code   RO         1062    .ARM.Collect$$rtexit$$00000002  c_w.l(rtexit2.o)
    0x08000204   0x00000004   Code   RO         1063    .ARM.Collect$$rtexit$$00000003  c_w.l(rtexit2.o)
    0x08000208   0x00000006   Code   RO         1064    .ARM.Collect$$rtexit$$00000004  c_w.l(rtexit2.o)
    0x0800020e   0x00000002   PAD
    0x08000210   0x0000000c   Code   RO          197    .emb_text           sys.o
    0x0800021c   0x00000038   Code   RO            4    .text               startup_stm32f10x_hd.o
    0x08000254   0x000002e0   Code   RO           10    .text               test.o
    0x08000534   0x000000a0   Code   RO          183    .text               delay.o
    0x080005d4   0x000002e8   Code   RO          198    .text               sys.o
    0x080008bc   0x000004b0   Code   RO          213    .text               usart.o
    0x08000d6c   0x00000108   Code   RO          259    .text               key.o
    0x08000e74   0x0000017c   Code   RO          272    .text               exti.o
    0x08000ff0   0x000000e8   Code   RO          287    .text               wdg.o
    0x080010d8   0x0000044a   Code   RO          302    .text               timer.o
    0x08001522   0x00000002   PAD
    0x08001524   0x000000d4   Code   RO          385    .text               wkup.o
    0x080015f8   0x000000c8   Code   RO          409    .text               dac.o
    0x080016c0   0x00000278   Code   RO          436    .text               myiic.o
    0x08001938   0x0000017a   Code   RO          448    .text               24cxx.o
    0x08001ab2   0x00000002   PAD
    0x08001ab4   0x00000480   Code   RO          460    .text               rtc.o
    0x08001f34   0x000002b8   Code   RO          568    .text               remote.o
    0x080021ec   0x00000456   Code   RO          649    .text               ps2.o
    0x08002642   0x00000002   PAD
    0x08002644   0x0000023c   Code   RO          691    .text               stmflash.o
    0x08002880   0x00000328   Code   RO          706    .text               rda5820.o
    0x08002ba8   0x00000388   Code   RO          730    .text               ov7670.o
    0x08002f30   0x000002c4   Code   RO          748    .text               sccb.o
    0x080031f4   0x000001b8   Code   RO          760    .text               sram.o
    0x080033ac   0x00000350   Code   RO          772    .text               usmart.o
    0x080036fc   0x0000051c   Code   RO          829    .text               usmart_str.o
    0x08003c18   0x0000008a   Code   RO          867    .text               c_w.l(rt_memcpy_v6.o)
    0x08003ca2   0x00000006   Code   RO          869    .text               c_w.l(heapauxi.o)
    0x08003ca8   0x00000064   Code   RO          948    .text               c_w.l(rt_memcpy_w.o)
    0x08003d0c   0x00000008   Code   RO          999    .text               c_w.l(libspace.o)
    0x08003d14   0x0000004a   Code   RO         1002    .text               c_w.l(sys_stackheap_outer.o)
    0x08003d5e   0x0000000c   Code   RO         1004    .text               c_w.l(exit.o)
    0x08003d6a   0x00000002   PAD
    0x08003d6c   0x00000008   Code   RO         1071    .text               c_w.l(rt_fp_status_addr_intlibspace.o)
    0x08003d74   0x0000000c   Code   RO         1075    .text               c_w.l(sys_exit.o)
    0x08003d80   0x00000002   Code   RO         1086    .text               c_w.l(use_no_semi.o)
    0x08003d82   0x00000000   Code   RO         1088    .text               c_w.l(indicate_semi.o)
    0x08003d82   0x00000002   PAD
    0x08003d84   0x00000062   Code   RO          873    x$fpl$d2f           fz_ws.l(d2f.o)
    0x08003de6   0x00000002   PAD
    0x08003de8   0x000002b0   Code   RO          876    x$fpl$ddiv          fz_ws.l(ddiv.o)
    0x08004098   0x0000009c   Code   RO          958    x$fpl$dnaninf       fz_ws.l(dnaninf.o)
    0x08004134   0x0000000c   Code   RO          960    x$fpl$dretinf       fz_ws.l(dretinf.o)
    0x08004140   0x00000056   Code   RO          899    x$fpl$f2d           fz_ws.l(f2d.o)
    0x08004196   0x00000002   PAD
    0x08004198   0x000000c4   Code   RO          901    x$fpl$fadd          fz_ws.l(faddsub_clz.o)
    0x0800425c   0x00000184   Code   RO          908    x$fpl$fdiv          fz_ws.l(fdiv.o)
    0x080043e0   0x0000003e   Code   RO          915    x$fpl$ffixu         fz_ws.l(ffixu.o)
    0x0800441e   0x00000002   PAD
    0x08004420   0x00000026   Code   RO          919    x$fpl$ffltu         fz_ws.l(fflt_clz.o)
    0x08004446   0x00000002   PAD
    0x08004448   0x00000102   Code   RO          925    x$fpl$fmul          fz_ws.l(fmul.o)
    0x0800454a   0x0000008c   Code   RO          964    x$fpl$fnaninf       fz_ws.l(fnaninf.o)
    0x080045d6   0x0000000e   Code   RO         1057    x$fpl$fpinit        fz_ws.l(fpinit.o)
    0x080045e4   0x0000000a   Code   RO          966    x$fpl$fretinf       fz_ws.l(fretinf.o)
    0x080045ee   0x00000014   Code   RO          902    x$fpl$frsb          fz_ws.l(faddsub_clz.o)
    0x08004602   0x00000002   PAD
    0x08004604   0x000000ea   Code   RO          903    x$fpl$fsub          fz_ws.l(faddsub_clz.o)
    0x080046ee   0x00000000   Code   RO          970    x$fpl$usenofp       fz_ws.l(usenofp.o)
    0x080046ee   0x00000200   Data   RO          215    .constdata          usart.o
    0x080048ee   0x00000018   Data   RO          462    .constdata          rtc.o
    0x08004906   0x000000e6   Data   RO          731    .constdata          ov7670.o
    0x080049ec   0x00000051   Data   RO           12    .conststring        test.o
    0x08004a3d   0x00000017   Data   RO          773    .conststring        usmart.o
    0x08004a54   0x0000023f   Data   RO          808    .conststring        usmart_config.o
    0x08004c93   0x00000001   PAD
    0x08004c94   0x00000020   Data   RO         1140    Region$$Table       anon$$obj.o


    Execution Region RW_IRAM1 (Base: 0x20000000, Size: 0x000024d0, Max: 0x00010000, ABSOLUTE, COMPRESSED[0x000000d4])

    Base Addr    Size         Type   Attr      Idx    E Section Name        Object

    0x20000000   0x00000037   Data   RW           13    .data               test.o
    0x20000037   0x00000001   PAD
    0x20000038   0x00000004   Data   RW          184    .data               delay.o
    0x2000003c   0x00000018   Data   RW          216    .data               usart.o
    0x20000054   0x00000001   Data   RW          260    .data               key.o
    0x20000055   0x00000001   Data   RW          273    .data               exti.o
    0x20000056   0x00000001   Data   RW          288    .data               wdg.o
    0x20000057   0x00000001   PAD
    0x20000058   0x0000000d   Data   RW          303    .data               timer.o
    0x20000065   0x00000001   PAD
    0x20000066   0x00000002   Data   RW          463    .data               rtc.o
    0x20000068   0x0000000c   Data   RW          569    .data               remote.o
    0x20000074   0x00000004   Data   RW          651    .data               ps2.o
    0x20000078   0x0000000a   Data   RW          670    .data               mouse.o
    0x20000082   0x00000002   PAD
    0x20000084   0x00000018   Data   RW          774    .data               usmart.o
    0x2000009c   0x00000174   Data   RW          809    .data               usmart_config.o
    0x20000210   0x00001000   Zero   RW           11    .bss                test.o
    0x20001210   0x00000440   Zero   RW          214    .bss                usart.o
    0x20001650   0x0000000a   Zero   RW          461    .bss                rtc.o
    0x2000165a   0x00000010   Zero   RW          650    .bss                ps2.o
    0x2000166a   0x00000800   Zero   RW          692    .bss                stmflash.o
    0x20001e6a   0x00000002   PAD
    0x20001e6c   0x00000060   Zero   RW         1000    .bss                c_w.l(libspace.o)
    0x20001ecc   0x00000004   PAD
    0x20001ed0   0x00000200   Zero   RW            2    HEAP                startup_stm32f10x_hd.o
    0x200020d0   0x00000400   Zero   RW            1    STACK               startup_stm32f10x_hd.o



  Load Region LR$$.ARM.__AT_0x68000000 (Base: 0x68000000, Size: 0x00000000, Max: 0x00028000, ABSOLUTE)

    Execution Region ER$$.ARM.__AT_0x68000000 (Base: 0x68000000, Size: 0x00028000, Max: 0x00028000, ABSOLUTE, UNINIT)

    Base Addr    Size         Type   Attr      Idx    E Section Name        Object

    0x68000000   0x00028000   Zero   RW          842    .ARM.__AT_0x68000000  malloc.o



  Load Region LR$$.ARM.__AT_0x68028000 (Base: 0x68028000, Size: 0x00000000, Max: 0x00002800, ABSOLUTE)

    Execution Region ER$$.ARM.__AT_0x68028000 (Base: 0x68028000, Size: 0x00002800, Max: 0x00002800, ABSOLUTE, UNINIT)

    Base Addr    Size         Type   Attr      Idx    E Section Name        Object

    0x68028000   0x00002800   Zero   RW          843    .ARM.__AT_0x68028000  malloc.o



  Load Region LR$$.ARM.__AT_0x68050000 (Base: 0x68050000, Size: 0x00000000, Max: 0x00027100, ABSOLUTE)

    Execution Region ER$$.ARM.__AT_0x68050000 (Base: 0x68050000, Size: 0x00027100, Max: 0x00027100, ABSOLUTE, UNINIT)

    Base Addr    Size         Type   Attr      Idx    E Section Name        Object

    0x68050000   0x00027100   Zero   RW          844    .ARM.__AT_0x68050000  malloc.o



  Load Region LR$$.ARM.__AT_0x680A0000 (Base: 0x680a0000, Size: 0x00000000, Max: 0x00027600, ABSOLUTE)

    Execution Region ER$$.ARM.__AT_0x680A0000 (Base: 0x680a0000, Size: 0x00027600, Max: 0x00027600, ABSOLUTE, UNINIT)

    Base Addr    Size         Type   Attr      Idx    E Section Name        Object

    0x680a0000   0x00027600   Zero   RW          845    .ARM.__AT_0x680A0000  malloc.o


==============================================================================

Image component sizes


      Code (inc. data)   RO Data    RW Data    ZI Data      Debug   Object Name

       378          0          0          0          0       2694   24cxx.o
       200         22          0          0          0        669   dac.o
       160          8          0          4          0        943   delay.o
       380         46          0          1          0       1339   exti.o
       264         40          0          1          0        784   key.o
         0          0          0          0     495360       1575   malloc.o
         0          0          0         10          0        906   mouse.o
       632         26          0          0          0       1820   myiic.o
       904         36        230          0          0       2957   ov7670.o
      1110         58          0          4         16       2850   ps2.o
       808          0          0          0          0       3773   rda5820.o
       696         34          0         12          0       1338   remote.o
      1152         44         24          2         10       3440   rtc.o
       708         30          0          0          0       1991   sccb.o
       440         42          0          0          0       1769   sram.o
        56         22        304          0       1536        756   startup_stm32f10x_hd.o
       572         20          0          0       2048       3803   stmflash.o
       756         54          0          0          0       2791   sys.o
       736         82         81         55       4096       6033   test.o
      1098         74          0         13          0       2799   timer.o
      1200         76        512         24       1088       4036   usart.o
       848         32         23         24          0       3518   usmart.o
         0          0        575        372          0       1608   usmart_config.o
      1308         12          0          0          0       5109   usmart_str.o
       232         22          0          1          0       1368   wdg.o
       212         20          0          0          0        946   wkup.o

    ----------------------------------------------------------------------
     14856        800       1782        528     504156      61615   Object Totals
         0          0         32          0          0          0   (incl. Generated)
         6          0          1          5          2          0   (incl. Padding)

    ----------------------------------------------------------------------

      Code (inc. data)   RO Data    RW Data    ZI Data      Debug   Library Member Name

        90          0          0          0          0          0   __dczerorl2.o
         8          0          0          0          0         68   __main.o
        52          8          0          0          0          0   __scatter.o
        28          0          0          0          0          0   __scatter_zi.o
        12          0          0          0          0         72   exit.o
         6          0          0          0          0        152   heapauxi.o
         0          0          0          0          0          0   indicate_semi.o
         6          0          0          0          0          0   libinit.o
         2          0          0          0          0          0   libinit2.o
         2          0          0          0          0          0   libshutdown.o
         2          0          0          0          0          0   libshutdown2.o
         8          4          0          0         96         68   libspace.o
         8          4          0          0          0         68   rt_fp_status_addr_intlibspace.o
       138          0          0          0          0         68   rt_memcpy_v6.o
       100          0          0          0          0         80   rt_memcpy_w.o
         0          0          0          0          0          0   rtentry.o
        12          0          0          0          0          0   rtentry2.o
         6          0          0          0          0          0   rtentry4.o
         2          0          0          0          0          0   rtexit.o
        10          0          0          0          0          0   rtexit2.o
        12          4          0          0          0         68   sys_exit.o
        74          0          0          0          0         80   sys_stackheap_outer.o
         2          0          0          0          0         68   use_no_semi.o
        98          4          0          0          0         92   d2f.o
       688        140          0          0          0        212   ddiv.o
       156          4          0          0          0         92   dnaninf.o
        12          0          0          0          0         68   dretinf.o
        86          4          0          0          0         84   f2d.o
       450          8          0          0          0        236   faddsub_clz.o
       388         76          0          0          0         96   fdiv.o
        62          4          0          0          0         84   ffixu.o
        38          0          0          0          0         68   fflt_clz.o
       258          4          0          0          0         84   fmul.o
       140          4          0          0          0         84   fnaninf.o
        14          0          0          0          0         76   fpinit.o
        10          0          0          0          0         68   fretinf.o
         0          0          0          0          0          0   usenofp.o

    ----------------------------------------------------------------------
      2998        268          0          0        100       2136   Library Totals
        18          0          0          0          4          0   (incl. Padding)

    ----------------------------------------------------------------------

      Code (inc. data)   RO Data    RW Data    ZI Data      Debug   Library Name

       580         20          0          0         96        792   c_w.l
      2400        248          0          0          0       1344   fz_ws.l

    ----------------------------------------------------------------------
      2998        268          0          0        100       2136   Library Totals

    ----------------------------------------------------------------------

==============================================================================


      Code (inc. data)   RO Data    RW Data    ZI Data      Debug   

     17854       1068       1782        528     504256      60371   Grand Totals
     17854       1068       1782        212     504256      60371   ELF Image Totals (compressed)
     17854       1068       1782        212          0          0   ROM Totals

==============================================================================

    Total RO  Size (Code + RO Data)                19636 (  19.18kB)
    Total RW  Size (RW Data + ZI Data)            504784 ( 492.95kB)
    Total ROM Size (Code + RO Data + RW Data)      19848 (  19.38kB)

==============================================================================

