<html>
<body>
<pre>
<h1>礦ision Build Log</h1>
<h2>Project:</h2>
C:\Documents and Settings\Administrator\桌面\最近项目\百度云同步盘\摄像头上位机下位机\2014.7.16改多发不回问题\jpeg\new upload image jpeg 485 - 7.16\USER\test.uvproj
Project File Date:  06/24/2014

<h2>Output:</h2>
Rebuild target 'Target 1'
assembling startup_stm32f10x_hd.s...
compiling test.c...
test.c(76): warning:  #223-D: function "memcpy" declared implicitly
test.c(88): warning:  #223-D: function "memcpy" declared implicitly
test.c(104): warning:  #177-D: variable "j" was declared but never referenced
test.c(105): warning:  #177-D: variable "temp" was declared but never referenced
test.c(244): warning:  #223-D: function "jpeg_encoder" declared implicitly
test.c(161): warning:  #177-D: variable "i" was declared but never referenced
test.c(161): warning:  #177-D: variable "j" was declared but never referenced
test.c(163): warning:  #177-D: variable "temp" was declared but never referenced
test.c(164): warning:  #177-D: variable "id_buf" was declared but never referenced
compiling delay.c...
compiling sys.c...
compiling usart.c...
..\SYSTEM\usart\usart.c(272): warning:  #69-D: integer conversion resulted in truncation
..\SYSTEM\usart\usart.c(299): warning:  #177-D: variable "left_size" was declared but never referenced
..\SYSTEM\usart\usart.c(300): warning:  #177-D: variable "id_buf" was declared but never referenced
compiling stm32f10x_flash.c...
compiling led.c...
compiling beep.c...
compiling key.c...
compiling exti.c...
compiling wdg.c...
compiling timer.c...
compiling tpad.c...
compiling oled.c...
compiling ILI93xx.c...
compiling wkup.c...
compiling adc.c...
compiling dac.c...
compiling dma.c...
compiling myiic.c...
compiling 24cxx.c...
compiling rtc.c...
compiling spi.c...
compiling flash.c...
compiling rs485.c...
compiling can.c...
compiling touch.c...
compiling remote.c...
compiling joypad.c...
compiling adxl345.c...
compiling ds18b20.c...
compiling dht11.c...
compiling 24l01.c...
compiling ps2.c...
compiling mouse.c...
compiling stmflash.c...
compiling rda5820.c...
compiling audiosel.c...
compiling ov7670.c...
compiling sccb.c...
compiling sram.c...
compiling usmart.c...
..\USMART\usmart.c(73): warning:  #177-D: variable "pnum" was declared but never referenced
..\USMART\usmart.c(74): warning:  #177-D: variable "rval" was declared but never referenced
..\USMART\usmart.c(248): warning:  #550-D: variable "res" was set but never used
compiling usmart_config.c...
compiling usmart_str.c...
compiling malloc.c...
compiling dct.c...
compiling jcapi.c...
compiling jchuff.c...
compiling jcint.c...
..\JPEG\jcint.c(239): warning:  #167-D: argument of type "const INT16 *" is incompatible with parameter of type "const UINT16 *"
..\JPEG\jcint.c(240): warning:  #167-D: argument of type "const INT16 *" is incompatible with parameter of type "const UINT16 *"
compiling jcmarker.c...
compiling jpeg_enc.c...
..\JPEG\jpeg_enc.c(77): warning:  #117-D: non-void function "jpeg_encoder" should return a value
compiling jutility.c...
linking...
Program Size: Code=28722 RO-data=2542 RW-data=556 ZI-data=351052  
FromELF: creating hex file...
"..\OBJ\test.axf" - 0 Error(s), 18 Warning(s).
Load "..\\OBJ\\test.AXF" 
* JLink Info: Device "STM32F103ZC" selected (256 KB flash, 48 KB RAM).
Set JLink Project File to "C:\Documents and Settings\Administrator\桌面\最近项目\百度云同步盘\摄像头上位机下位机\2014.7.16改多发不回问题\jpeg\new upload image jpeg 485 - 7.16\USER\JLinkSettings.ini"
 
JLink info:
------------
DLL: V4.40c, compiled Jan 24 2012 09:30:33
Firmware: J-Link ARM V8 compiled Nov 25 2013 19:20:08
Hardware: V8.00
S/N : 17935099 
Feature(s) : RDI,FlashDL,FlashBP,JFlash 
 
**JLink Warning: RESET (pin 15) high, but should be low. Please check target hardware.
***JLink Error: Supply voltage too low (1 Volt is required, Measured: 0.4 Volt).
Please check target power.
Load "..\\OBJ\\test.AXF" 
* JLink Info: Device "STM32F103ZC" selected (256 KB flash, 48 KB RAM).
Set JLink Project File to "C:\Documents and Settings\Administrator\桌面\最近项目\百度云同步盘\摄像头上位机下位机\2014.7.16改多发不回问题\jpeg\new upload image jpeg 485 - 7.16\USER\JLinkSettings.ini"
 
JLink info:
------------
DLL: V4.40c, compiled Jan 24 2012 09:30:33
Firmware: J-Link ARM V8 compiled Nov 25 2013 19:20:08
Hardware: V8.00
S/N : 17935099 
Feature(s) : RDI,FlashDL,FlashBP,JFlash 
 
* JLink Info: Found SWD-DP with ID 0x1BA01477
* JLink Info: TPIU fitted.
* JLink Info: ETM fitted.
* JLink Info:   FPUnit: 6 code (BP) slots and 2 literal slots
* JLink Info: Found Cortex-M3 r1p1, Little endian.
ROMTableAddr = 0xE00FF003
* JLink Info: Found SWD-DP with ID 0x1BA01477
* JLink Info: TPIU fitted.
* JLink Info: ETM fitted.
* JLink Info:   FPUnit: 6 code (BP) slots and 2 literal slots
* JLink Info: Found Cortex-M3 r1p1, Little endian.
 
Target info:
------------
Device: STM32F103ZC
VTarget = 3.319V
State of Pins: 
TCK: 0, TDI: 0, TDO: 0, TMS: 1, TRES: 1, TRST: 1
Hardware-Breakpoints: 6
Software-Breakpoints: 8192
Watchpoints:          4
JTAG speed: 4000 kHz
 
Full Chip Erase Done.
Programming Done.
Verify OK.
* JLink Info: Found SWD-DP with ID 0x1BA01477
* JLink Info: TPIU fitted.
* JLink Info: ETM fitted.
* JLink Info:   FPUnit: 6 code (BP) slots and 2 literal slots
* JLink Info: Found Cortex-M3 r1p1, Little endian.
Application running ...
